
Allocating common symbols
Common symbol       size              file

idt_ptr             0x6               kernel/global.o
inode_table         0xb00             kernel/global.o
task_stack          0x40000           kernel/global.o
k_reenter           0x4               kernel/global.o
gdt                 0x400             kernel/global.o
current_console     0x4               kernel/global.o
pcaller             0x4               kernel/global.o
tty_table           0xc6c             kernel/global.o
tss                 0x68              kernel/global.o
tmpQP               0x24              game/TTT.o
fs_msg              0x30              kernel/global.o
memory_size         0x4               kernel/global.o
f_desc_table        0x400             kernel/global.o
root_inode          0x4               kernel/global.o
disp_pos            0x4               kernel/global.o
mm_msg              0x30              kernel/global.o
key_pressed         0x4               kernel/global.o
gdt_ptr             0x6               kernel/global.o
idt                 0x800             kernel/global.o
super_block         0x1e0             kernel/global.o
PARTITION_ENTRY     0x10              kernel/hd.o
ticks               0x4               kernel/global.o
States              0x14820           game/TTT.o
console_table       0x3c              kernel/global.o
irq_table           0x40              kernel/global.o
p_proc_ready        0x4               kernel/global.o
proc_table          0x283c            kernel/global.o

Discarded input sections

 .note.GNU-stack
                0x0000000000000000        0x0 kernel/start.o
 .note.GNU-stack
                0x0000000000000000        0x0 kernel/main.o
 .note.GNU-stack
                0x0000000000000000        0x0 kernel/clock.o
 .note.GNU-stack
                0x0000000000000000        0x0 kernel/keyboard.o
 .note.GNU-stack
                0x0000000000000000        0x0 kernel/tty.o
 .note.GNU-stack
                0x0000000000000000        0x0 kernel/console.o
 .note.GNU-stack
                0x0000000000000000        0x0 kernel/i8259.o
 .note.GNU-stack
                0x0000000000000000        0x0 kernel/global.o
 .note.GNU-stack
                0x0000000000000000        0x0 kernel/protect.o
 .note.GNU-stack
                0x0000000000000000        0x0 kernel/proc.o
 .note.GNU-stack
                0x0000000000000000        0x0 kernel/systask.o
 .note.GNU-stack
                0x0000000000000000        0x0 kernel/hd.o
 .note.GNU-stack
                0x0000000000000000        0x0 game/TTT.o
 .note.GNU-stack
                0x0000000000000000        0x0 lib/printf.o
 .note.GNU-stack
                0x0000000000000000        0x0 lib/sl.o
 .note.GNU-stack
                0x0000000000000000        0x0 lib/vsprintf.o
 .note.GNU-stack
                0x0000000000000000        0x0 lib/klib.o
 .note.GNU-stack
                0x0000000000000000        0x0 lib/ls.o
 .note.GNU-stack
                0x0000000000000000        0x0 lib/mkdir.o
 .note.GNU-stack
                0x0000000000000000        0x0 lib/misc.o
 .note.GNU-stack
                0x0000000000000000        0x0 lib/open.o
 .note.GNU-stack
                0x0000000000000000        0x0 lib/read.o
 .note.GNU-stack
                0x0000000000000000        0x0 lib/write.o
 .note.GNU-stack
                0x0000000000000000        0x0 lib/close.o
 .note.GNU-stack
                0x0000000000000000        0x0 lib/unlink.o
 .note.GNU-stack
                0x0000000000000000        0x0 lib/getpid.o
 .note.GNU-stack
                0x0000000000000000        0x0 lib/syslog.o
 .note.GNU-stack
                0x0000000000000000        0x0 lib/fork.o
 .note.GNU-stack
                0x0000000000000000        0x0 lib/exit.o
 .note.GNU-stack
                0x0000000000000000        0x0 lib/sleep.o
 .note.GNU-stack
                0x0000000000000000        0x0 lib/wait.o
 .note.GNU-stack
                0x0000000000000000        0x0 mm/main.o
 .note.GNU-stack
                0x0000000000000000        0x0 mm/func.o
 .note.GNU-stack
                0x0000000000000000        0x0 fs/main.o
 .note.GNU-stack
                0x0000000000000000        0x0 fs/open.o
 .note.GNU-stack
                0x0000000000000000        0x0 fs/misc.o
 .note.GNU-stack
                0x0000000000000000        0x0 fs/read_write.o
 .note.GNU-stack
                0x0000000000000000        0x0 fs/link.o
 .note.GNU-stack
                0x0000000000000000        0x0 fs/disklog.o

Memory Configuration

Name             Origin             Length             Attributes
*default*        0x0000000000000000 0xffffffffffffffff

Linker script and memory map

Address of section .text set to 0x1000
LOAD kernel/kernel.o
LOAD lib/syscall.o
LOAD kernel/start.o
LOAD kernel/main.o
LOAD kernel/clock.o
LOAD kernel/keyboard.o
LOAD kernel/tty.o
LOAD kernel/console.o
LOAD kernel/i8259.o
LOAD kernel/global.o
LOAD kernel/protect.o
LOAD kernel/proc.o
LOAD kernel/systask.o
LOAD kernel/hd.o
LOAD game/TTT.o
LOAD lib/printf.o
LOAD lib/sl.o
LOAD lib/vsprintf.o
LOAD lib/kliba.o
LOAD lib/klib.o
LOAD lib/string.o
LOAD lib/ls.o
LOAD lib/mkdir.o
LOAD lib/misc.o
LOAD lib/open.o
LOAD lib/read.o
LOAD lib/write.o
LOAD lib/close.o
LOAD lib/unlink.o
LOAD lib/getpid.o
LOAD lib/syslog.o
LOAD lib/fork.o
LOAD lib/exit.o
LOAD lib/sleep.o
LOAD lib/wait.o
LOAD mm/main.o
LOAD mm/func.o
LOAD fs/main.o
LOAD fs/open.o
LOAD fs/misc.o
LOAD fs/read_write.o
LOAD fs/link.o
LOAD fs/disklog.o
                0x0000000008048000                PROVIDE (__executable_start, 0x8048000)
                0x0000000008048094                . = (0x8048000 + SIZEOF_HEADERS)

.interp
 *(.interp)

.note.gnu.build-id
 *(.note.gnu.build-id)

.hash
 *(.hash)

.gnu.hash
 *(.gnu.hash)

.dynsym
 *(.dynsym)

.dynstr
 *(.dynstr)

.gnu.version
 *(.gnu.version)

.gnu.version_d
 *(.gnu.version_d)

.gnu.version_r
 *(.gnu.version_r)

.rel.dyn        0x0000000008048094        0x0
 *(.rel.init)
 *(.rel.text .rel.text.* .rel.gnu.linkonce.t.*)
 .rel.text      0x0000000000000000        0x0 kernel/kernel.o
 *(.rel.fini)
 *(.rel.rodata .rel.rodata.* .rel.gnu.linkonce.r.*)
 *(.rel.data.rel.ro .rel.data.rel.ro.* .rel.gnu.linkonce.d.rel.ro.*)
 *(.rel.data .rel.data.* .rel.gnu.linkonce.d.*)
 .rel.data      0x0000000000000000        0x0 kernel/kernel.o
 *(.rel.tdata .rel.tdata.* .rel.gnu.linkonce.td.*)
 *(.rel.tbss .rel.tbss.* .rel.gnu.linkonce.tb.*)
 *(.rel.ctors)
 *(.rel.dtors)
 *(.rel.got)
 *(.rel.bss .rel.bss.* .rel.gnu.linkonce.b.*)
 *(.rel.ifunc)

.rel.plt        0x0000000008048094        0x0
 *(.rel.plt)
                0x0000000008048094                PROVIDE (__rel_iplt_start, .)
 *(.rel.iplt)
 .rel.iplt      0x0000000000000000        0x0 kernel/kernel.o
                0x0000000008048094                PROVIDE (__rel_iplt_end, .)

.init
 *(SORT(.init))

.plt            0x00000000080480a0        0x0
 *(.plt)
 *(.iplt)
 .iplt          0x0000000000000000        0x0 kernel/kernel.o

.text           0x0000000000001000     0xe94a
 *(.text.unlikely .text.*_unlikely .text.unlikely.*)
 *(.text.exit .text.exit.*)
 *(.text.startup .text.startup.*)
 *(.text.hot .text.hot.*)
 *(.text .stub .text.* .gnu.linkonce.t.*)
 .text          0x0000000000001000      0x410 kernel/kernel.o
                0x0000000000001000                _start
                0x0000000000001040                hwint00
                0x0000000000001070                hwint01
                0x00000000000010a0                hwint02
                0x00000000000010d0                hwint03
                0x0000000000001100                hwint04
                0x0000000000001130                hwint05
                0x0000000000001160                hwint06
                0x0000000000001190                hwint07
                0x00000000000011c0                hwint08
                0x00000000000011f0                hwint09
                0x0000000000001220                hwint10
                0x0000000000001250                hwint11
                0x0000000000001280                hwint12
                0x00000000000012b0                hwint13
                0x00000000000012e0                hwint14
                0x0000000000001310                hwint15
                0x0000000000001334                divide_error
                0x000000000000133a                single_step_exception
                0x0000000000001340                nmi
                0x0000000000001346                breakpoint_exception
                0x000000000000134c                overflow
                0x0000000000001352                bounds_check
                0x0000000000001358                inval_opcode
                0x000000000000135e                copr_not_available
                0x0000000000001364                double_fault
                0x0000000000001368                copr_seg_overrun
                0x000000000000136e                inval_tss
                0x0000000000001372                segment_not_present
                0x0000000000001376                stack_exception
                0x000000000000137a                general_protection
                0x000000000000137e                page_fault
                0x0000000000001382                copr_error
                0x00000000000013cb                sys_call
                0x00000000000013eb                restart
 .text          0x0000000000001410       0x28 lib/syscall.o
                0x0000000000001410                sendrec
                0x000000000000142a                printx
 .text          0x0000000000001438       0x8e kernel/start.o
                0x0000000000001438                cstart
 .text          0x00000000000014c6     0x1459 kernel/main.o
                0x00000000000014c6                kernel_main
                0x0000000000001812                nothing
                0x0000000000001817                Init_test
                0x000000000000194f                get_ticks
                0x0000000000001987                convert_to_absolute
                0x0000000000001a00                TestA
                0x0000000000002283                TestB
                0x00000000000023e8                TestC
                0x00000000000023fc                panic
                0x000000000000244c                clear
                0x00000000000024b1                help
                0x0000000000002561                ProcessManage
                0x0000000000002625                CreateFile
                0x00000000000026c9                DeleteFile
                0x000000000000272f                ReadFile
                0x00000000000027ea                WriteFile
                0x00000000000028ea                CreateDir
 .text          0x000000000000291f      0x115 kernel/clock.o
                0x000000000000291f                clock_handler
                0x0000000000002997                milli_delay
                0x00000000000029d0                init_clock
 .text          0x0000000000002a34      0x6cf kernel/keyboard.o
                0x0000000000002a34                keyboard_handler
                0x0000000000002a9a                init_keyboard
                0x0000000000002b49                keyboard_read
 .text          0x0000000000003103      0x9d3 kernel/tty.o
                0x0000000000003103                task_tty
                0x00000000000032b7                in_process
                0x00000000000037dd                sys_printx
                0x000000000000397f                dump_tty_buf
 .text          0x0000000000003ad6      0x7e1 kernel/console.o
                0x0000000000003ad6                init_screen
                0x0000000000003c47                out_char
                0x0000000000003f04                clear_screen
                0x0000000000003f3d                is_current_console
                0x0000000000003f60                set_cursor
                0x0000000000003fc9                set_video_start_addr
                0x0000000000004032                select_console
                0x000000000000406d                scroll_screen
                0x0000000000004251                flush
 .text          0x00000000000042b7      0x13c kernel/i8259.o
                0x00000000000042b7                init_8259A
                0x00000000000043a8                spurious_irq
                0x00000000000043d3                put_irq_handler
 .text          0x00000000000043f3        0x0 kernel/global.o
 .text          0x00000000000043f3      0x842 kernel/protect.o
                0x00000000000043f3                init_prot
                0x0000000000004a4d                seg2phys
                0x0000000000004a9c                init_descriptor
                0x0000000000004b08                exception_handler
 .text          0x0000000000004c35     0x18d2 kernel/proc.o
                0x0000000000004c35                new_getpid
                0x0000000000004c42                schedule
                0x0000000000004ccd                sys_sendrec
                0x0000000000004e2c                ldt_seg_linear
                0x0000000000004e76                va2la
                0x0000000000004ee5                reset_msg
                0x0000000000005eb8                inform_int
                0x000000000000605a                dump_proc
                0x00000000000063c0                dump_msg
 .text          0x0000000000006507       0x95 kernel/systask.o
                0x0000000000006507                task_sys
 .text          0x000000000000659c      0xe9e kernel/hd.o
                0x000000000000659c                task_hd
                0x0000000000007415                hd_handler
 .text          0x000000000000743a      0xeef game/TTT.o
                0x000000000000743a                Init
                0x0000000000007495                PrintQP
                0x000000000000754a                IsWin
                0x0000000000007710                e_fun
                0x0000000000007ae1                AutoDone
                0x00000000000080b8                UserInput
                0x00000000000081ce                TTT
 .text          0x0000000000008329      0x167 lib/printf.o
                0x0000000000008329                printf
                0x00000000000083a8                printi
                0x000000000000844f                printl
 .text          0x0000000000008490     0x1c0d lib/sl.o
                0x0000000000008490                sl
 .text          0x000000000000a09d      0x318 lib/vsprintf.o
                0x000000000000a100                vsprintf
                0x000000000000a38b                sprintf
 *fill*         0x000000000000a3b5        0xb 
 .text          0x000000000000a3c0      0x19a lib/kliba.o
                0x000000000000a3c0                disp_str
                0x000000000000a3fe                disp_color_str
                0x000000000000a43d                out_byte
                0x000000000000a449                in_byte
                0x000000000000a453                port_read
                0x000000000000a466                port_write
                0x000000000000a479                disable_irq
                0x000000000000a4ae                enable_irq
                0x000000000000a4cd                disable_int
                0x000000000000a4cf                enable_int
                0x000000000000a4d1                glitter
 .text          0x000000000000a55a      0x348 lib/klib.o
                0x000000000000a55a                get_boot_params
                0x000000000000a5b4                get_kernel_map
                0x000000000000a6d0                itoa
                0x000000000000a77b                atoi
                0x000000000000a837                disp_int
                0x000000000000a85c                delay
 *fill*         0x000000000000a8a2        0xe 
 .text          0x000000000000a8b0       0x9f lib/string.o
                0x000000000000a8b0                memcpy
                0x000000000000a8d9                memset
                0x000000000000a8fa                strcpy
                0x000000000000a912                asm_strcat
                0x000000000000a939                strlen
 .text          0x000000000000a94f       0x48 lib/ls.o
                0x000000000000a94f                ls
 .text          0x000000000000a997       0x48 lib/mkdir.o
                0x000000000000a997                mkdir
 .text          0x000000000000a9df      0x288 lib/misc.o
                0x000000000000a9df                memcmp
                0x000000000000aa55                strcmp
                0x000000000000aac7                strcat
                0x000000000000ab26                spin
                0x000000000000ab41                assertion_failure
                0x000000000000ab87                send_recv
 .text          0x000000000000ac67       0x73 lib/open.o
                0x000000000000ac67                open
 .text          0x000000000000acda       0x3f lib/read.o
                0x000000000000acda                read
 .text          0x000000000000ad19       0x3f lib/write.o
                0x000000000000ad19                write
 .text          0x000000000000ad58       0x33 lib/close.o
                0x000000000000ad58                close
 .text          0x000000000000ad8b       0x41 lib/unlink.o
                0x000000000000ad8b                unlink
 .text          0x000000000000adcc       0x59 lib/getpid.o
                0x000000000000adcc                getpid
 .text          0x000000000000ae25       0xdb lib/syslog.o
                0x000000000000ae25                syslog
 .text          0x000000000000af00       0x84 lib/fork.o
                0x000000000000af00                fork
 .text          0x000000000000af84        0x0 lib/exit.o
 .text          0x000000000000af84        0x0 lib/sleep.o
 .text          0x000000000000af84        0x0 lib/wait.o
 .text          0x000000000000af84      0x195 mm/main.o
                0x000000000000afc2                task_mm
                0x000000000000b0b0                alloc_mem
                0x000000000000b10f                free_mem
 .text          0x000000000000b119      0x58c mm/func.o
                0x000000000000b119                mm_fork
                0x000000000000b696                mm_exit
                0x000000000000b6a0                mm_wait
 .text          0x000000000000b6a5      0xff8 fs/main.o
                0x000000000000b6a5                task_fs
                0x000000000000c14d                rw_sector
                0x000000000000c387                get_super_block
                0x000000000000c3cd                get_inode
                0x000000000000c53b                put_inode
                0x000000000000c580                sync_inode
 .text          0x000000000000c69d      0xe0a fs/open.o
                0x000000000000c69d                do_open
                0x000000000000cb1b                do_close
                0x000000000000cb73                do_lseek
                0x000000000000d1ca                do_ls
                0x000000000000d3af                do_mkdir
 .text          0x000000000000d4a7      0x205 fs/misc.o
                0x000000000000d4a7                search_file
                0x000000000000d620                strip_path
 .text          0x000000000000d6ac      0x522 fs/read_write.o
                0x000000000000d6ac                do_rdwt
 .text          0x000000000000dbce      0x8f6 fs/link.o
                0x000000000000dbce                do_unlink
 .text          0x000000000000e4c4     0x1486 fs/disklog.o
                0x000000000000e4c4                do_disklog
                0x000000000000e56f                disklog
                0x000000000000eb19                dump_fd_graph
 *(.gnu.warning)

.fini
 *(SORT(.fini))
                0x000000000000f94a                PROVIDE (__etext, .)
                0x000000000000f94a                PROVIDE (_etext, .)
                0x000000000000f94a                PROVIDE (etext, .)

.rodata         0x000000000000f960     0x5f1b
 *(.rodata .rodata.* .gnu.linkonce.r.*)
 .rodata        0x000000000000f960       0x47 kernel/start.o
 *fill*         0x000000000000f9a7        0x1 
 .rodata        0x000000000000f9a8      0x92f kernel/main.o
 *fill*         0x00000000000102d7        0x1 
 .rodata        0x00000000000102d8       0x64 kernel/keyboard.o
 .rodata        0x000000000001033c      0x13c kernel/tty.o
 .rodata        0x0000000000010478       0x5b kernel/console.o
 .rodata        0x00000000000104d3       0x11 kernel/i8259.o
 .rodata        0x00000000000104e4        0x4 kernel/global.o
                0x00000000000104e4                FSBUF_SIZE
 *fill*         0x00000000000104e8       0x18 
 .rodata        0x0000000000010500      0x580 kernel/protect.o
 .rodata        0x0000000000010a80      0x5da kernel/proc.o
 .rodata        0x000000000001105a       0x17 kernel/systask.o
 *fill*         0x0000000000011071        0x3 
 .rodata        0x0000000000011074      0x1ba kernel/hd.o
 *fill*         0x000000000001122e        0x2 
 .rodata        0x0000000000011230      0x191 game/TTT.o
                0x0000000000011230                NO_BLANK
                0x0000000000011234                TREE_DEPTH
                0x0000000000011238                NIL
 *fill*         0x00000000000113c1        0x3 
 .rodata        0x00000000000113c4       0x35 lib/printf.o
 *fill*         0x00000000000113f9        0x3 
 .rodata        0x00000000000113fc     0x33cb lib/sl.o
 .rodata        0x00000000000147c7       0x35 lib/klib.o
 .rodata        0x00000000000147fc       0xae lib/misc.o
 .rodata        0x00000000000148aa       0x23 lib/open.o
 .rodata        0x00000000000148cd       0x25 lib/getpid.o
 .rodata        0x00000000000148f2       0x32 lib/syslog.o
 .rodata        0x0000000000014924       0x33 lib/fork.o
 *fill*         0x0000000000014957        0x1 
 .rodata        0x0000000000014958       0x8d mm/main.o
 *fill*         0x00000000000149e5        0x3 
 .rodata        0x00000000000149e8      0x179 mm/func.o
 *fill*         0x0000000000014b61        0x3 
 .rodata        0x0000000000014b64      0x222 fs/main.o
 *fill*         0x0000000000014d86        0x2 
 .rodata        0x0000000000014d88      0x1c7 fs/open.o
 *fill*         0x0000000000014f4f        0x1 
 .rodata        0x0000000000014f50      0x164 fs/read_write.o
 .rodata        0x00000000000150b4      0x19d fs/link.o
 *fill*         0x0000000000015251        0x3 
 .rodata        0x0000000000015254      0x627 fs/disklog.o

.rodata1
 *(.rodata1)

.eh_frame_hdr
 *(.eh_frame_hdr)

.eh_frame       0x000000000001587c     0x1510
 *(.eh_frame)
 .eh_frame      0x000000000001587c       0x38 kernel/start.o
 .eh_frame      0x00000000000158b4      0x218 kernel/main.o
                                        0x230 (size before relaxing)
 .eh_frame      0x0000000000015acc       0x60 kernel/clock.o
                                         0x78 (size before relaxing)
 .eh_frame      0x0000000000015b2c       0xe0 kernel/keyboard.o
                                         0xf8 (size before relaxing)
 .eh_frame      0x0000000000015c0c      0x13c kernel/tty.o
                                        0x154 (size before relaxing)
 .eh_frame      0x0000000000015d48      0x148 kernel/console.o
                                        0x160 (size before relaxing)
 .eh_frame      0x0000000000015e90       0x60 kernel/i8259.o
                                         0x78 (size before relaxing)
 .eh_frame      0x0000000000015ef0       0xb0 kernel/protect.o
                                         0xc8 (size before relaxing)
 .eh_frame      0x0000000000015fa0      0x1e0 kernel/proc.o
                                        0x1f8 (size before relaxing)
 .eh_frame      0x0000000000016180       0x1c kernel/systask.o
                                         0x34 (size before relaxing)
 .eh_frame      0x000000000001619c      0x210 kernel/hd.o
                                        0x228 (size before relaxing)
 .eh_frame      0x00000000000163ac      0x128 game/TTT.o
                                        0x140 (size before relaxing)
 .eh_frame      0x00000000000164d4       0x60 lib/printf.o
                                         0x78 (size before relaxing)
 .eh_frame      0x0000000000016534       0x20 lib/sl.o
                                         0x38 (size before relaxing)
 .eh_frame      0x0000000000016554       0x68 lib/vsprintf.o
                                         0x80 (size before relaxing)
 .eh_frame      0x00000000000165bc       0xc0 lib/klib.o
                                         0xd8 (size before relaxing)
 .eh_frame      0x000000000001667c       0x20 lib/ls.o
                                         0x38 (size before relaxing)
 .eh_frame      0x000000000001669c       0x20 lib/mkdir.o
                                         0x38 (size before relaxing)
 .eh_frame      0x00000000000166bc       0xbc lib/misc.o
                                         0xd4 (size before relaxing)
 .eh_frame      0x0000000000016778       0x20 lib/open.o
                                         0x38 (size before relaxing)
 .eh_frame      0x0000000000016798       0x20 lib/read.o
                                         0x38 (size before relaxing)
 .eh_frame      0x00000000000167b8       0x20 lib/write.o
                                         0x38 (size before relaxing)
 .eh_frame      0x00000000000167d8       0x20 lib/close.o
                                         0x38 (size before relaxing)
 .eh_frame      0x00000000000167f8       0x20 lib/unlink.o
                                         0x38 (size before relaxing)
 .eh_frame      0x0000000000016818       0x20 lib/getpid.o
                                         0x38 (size before relaxing)
 .eh_frame      0x0000000000016838       0x20 lib/syslog.o
                                         0x38 (size before relaxing)
 .eh_frame      0x0000000000016858       0x20 lib/fork.o
                                         0x38 (size before relaxing)
 .eh_frame      0x0000000000016878       0x7c mm/main.o
                                         0x94 (size before relaxing)
 .eh_frame      0x00000000000168f4       0x90 mm/func.o
                                         0xa8 (size before relaxing)
 .eh_frame      0x0000000000016984      0x174 fs/main.o
                                        0x18c (size before relaxing)
 .eh_frame      0x0000000000016af8      0x174 fs/open.o
                                        0x18c (size before relaxing)
 .eh_frame      0x0000000000016c6c       0x48 fs/misc.o
                                         0x60 (size before relaxing)
 .eh_frame      0x0000000000016cb4       0x2c fs/read_write.o
                                         0x44 (size before relaxing)
 .eh_frame      0x0000000000016ce0       0x2c fs/link.o
                                         0x44 (size before relaxing)
 .eh_frame      0x0000000000016d0c       0x80 fs/disklog.o
                                         0x98 (size before relaxing)

.gcc_except_table
 *(.gcc_except_table .gcc_except_table.*)

.exception_ranges
 *(.exception_ranges .exception_ranges*)
                0x0000000000016d8c                . = (ALIGN (0x1000) - ((0x1000 - .) & 0xfff))
                0x0000000000017000                . = DATA_SEGMENT_ALIGN (0x1000, 0x1000)

.eh_frame
 *(.eh_frame)

.gcc_except_table
 *(.gcc_except_table .gcc_except_table.*)

.exception_ranges
 *(.exception_ranges .exception_ranges*)

.tdata
 *(.tdata .tdata.* .gnu.linkonce.td.*)

.tbss
 *(.tbss .tbss.* .gnu.linkonce.tb.*)
 *(.tcommon)

.preinit_array  0x0000000000017000        0x0
                0x0000000000017000                PROVIDE (__preinit_array_start, .)
 *(.preinit_array)
                0x0000000000017000                PROVIDE (__preinit_array_end, .)

.init_array     0x0000000000017000        0x0
                0x0000000000017000                PROVIDE (__init_array_start, .)
 *(SORT(.init_array.*) SORT(.ctors.*))
 *(.init_array EXCLUDE_FILE(*crtend?.o *crtend.o *crtbegin?.o *crtbegin.o) .ctors)
                0x0000000000017000                PROVIDE (__init_array_end, .)

.fini_array     0x0000000000017000        0x0
                0x0000000000017000                PROVIDE (__fini_array_start, .)
 *(SORT(.fini_array.*) SORT(.dtors.*))
 *(.fini_array EXCLUDE_FILE(*crtend?.o *crtend.o *crtbegin?.o *crtbegin.o) .dtors)
                0x0000000000017000                PROVIDE (__fini_array_end, .)

.ctors
 *crtbegin.o(.ctors)
 *crtbegin?.o(.ctors)
 *(EXCLUDE_FILE(*crtend?.o *crtend.o) .ctors)
 *(SORT(.ctors.*))
 *(.ctors)

.dtors
 *crtbegin.o(.dtors)
 *crtbegin?.o(.dtors)
 *(EXCLUDE_FILE(*crtend?.o *crtend.o) .dtors)
 *(SORT(.dtors.*))
 *(.dtors)

.jcr
 *(.jcr)

.data.rel.ro
 *(.data.rel.ro.local* .gnu.linkonce.d.rel.ro.local.*)
 *(.data.rel.ro .data.rel.ro.* .gnu.linkonce.d.rel.ro.*)

.dynamic
 *(.dynamic)

.got
 *(.got)
 *(.igot)
                0x0000000000017000                . = DATA_SEGMENT_RELRO_END (., (SIZEOF (.got.plt) >= 0xc)?0xc:0x0)

.got.plt        0x0000000000017000        0x0
 *(.got.plt)
 *(.igot.plt)
 .igot.plt      0x0000000000000000        0x0 kernel/kernel.o

.data           0x0000000000017000      0x7e0
 *(.data .data.* .gnu.linkonce.d.*)
 .data          0x0000000000017000        0x2 kernel/kernel.o
 .data          0x0000000000017002        0x0 kernel/start.o
 .data          0x0000000000017002        0x0 kernel/main.o
 .data          0x0000000000017002        0x0 kernel/clock.o
 *fill*         0x0000000000017002       0x1e 
 .data          0x0000000000017020      0x600 kernel/keyboard.o
                0x0000000000017020                keymap
 .data          0x0000000000017620       0x22 kernel/tty.o
 .data          0x0000000000017642        0x0 kernel/console.o
 .data          0x0000000000017642        0x0 kernel/i8259.o
 *fill*         0x0000000000017642       0x1e 
 .data          0x0000000000017660      0x180 kernel/global.o
                0x0000000000017660                task_table
                0x0000000000017740                user_proc_table
                0x00000000000177b8                sys_call_table
                0x00000000000177c4                dd_map
                0x00000000000177dc                fsbuf
 .data          0x00000000000177e0        0x0 kernel/protect.o
 .data          0x00000000000177e0        0x0 kernel/proc.o
 .data          0x00000000000177e0        0x0 kernel/systask.o
 .data          0x00000000000177e0        0x0 kernel/hd.o
 .data          0x00000000000177e0        0x0 game/TTT.o
 .data          0x00000000000177e0        0x0 lib/printf.o
 .data          0x00000000000177e0        0x0 lib/sl.o
 .data          0x00000000000177e0        0x0 lib/vsprintf.o
 .data          0x00000000000177e0        0x0 lib/klib.o
 .data          0x00000000000177e0        0x0 lib/ls.o
 .data          0x00000000000177e0        0x0 lib/mkdir.o
 .data          0x00000000000177e0        0x0 lib/misc.o
 .data          0x00000000000177e0        0x0 lib/open.o
 .data          0x00000000000177e0        0x0 lib/read.o
 .data          0x00000000000177e0        0x0 lib/write.o
 .data          0x00000000000177e0        0x0 lib/close.o
 .data          0x00000000000177e0        0x0 lib/unlink.o
 .data          0x00000000000177e0        0x0 lib/getpid.o
 .data          0x00000000000177e0        0x0 lib/syslog.o
 .data          0x00000000000177e0        0x0 lib/fork.o
 .data          0x00000000000177e0        0x0 lib/exit.o
 .data          0x00000000000177e0        0x0 lib/sleep.o
 .data          0x00000000000177e0        0x0 lib/wait.o
 .data          0x00000000000177e0        0x0 mm/main.o
 .data          0x00000000000177e0        0x0 mm/func.o
 .data          0x00000000000177e0        0x0 fs/main.o
 .data          0x00000000000177e0        0x0 fs/open.o
 .data          0x00000000000177e0        0x0 fs/misc.o
 .data          0x00000000000177e0        0x0 fs/read_write.o
 .data          0x00000000000177e0        0x0 fs/link.o
 .data          0x00000000000177e0        0x0 fs/disklog.o

.data1
 *(.data1)
                0x00000000000177e0                _edata = .
                0x00000000000177e0                PROVIDE (edata, .)
                0x00000000000177e0                . = .
                0x00000000000177e0                __bss_start = .

.bss            0x00000000000177e0    0x5ad40
 *(.dynbss)
 *(.bss .bss.* .gnu.linkonce.b.*)
 .bss           0x00000000000177e0      0x800 kernel/kernel.o
 .bss           0x0000000000017fe0        0x0 kernel/start.o
 .bss           0x0000000000017fe0        0x0 kernel/main.o
 .bss           0x0000000000017fe0        0x0 kernel/clock.o
 .bss           0x0000000000017fe0       0x58 kernel/keyboard.o
 .bss           0x0000000000018038        0x0 kernel/tty.o
 .bss           0x0000000000018038        0x0 kernel/console.o
 .bss           0x0000000000018038        0x0 kernel/i8259.o
 .bss           0x0000000000018038        0x0 kernel/global.o
 .bss           0x0000000000018038        0x0 kernel/protect.o
 .bss           0x0000000000018038        0x0 kernel/proc.o
 .bss           0x0000000000018038        0x0 kernel/systask.o
 *fill*         0x0000000000018038        0x8 
 .bss           0x0000000000018040      0x64c kernel/hd.o
 .bss           0x000000000001868c        0x4 game/TTT.o
 .bss           0x0000000000018690        0x0 lib/printf.o
 .bss           0x0000000000018690        0x0 lib/sl.o
 .bss           0x0000000000018690        0x0 lib/vsprintf.o
 .bss           0x0000000000018690        0x0 lib/klib.o
 .bss           0x0000000000018690        0x0 lib/ls.o
 .bss           0x0000000000018690        0x0 lib/mkdir.o
 .bss           0x0000000000018690        0x0 lib/misc.o
 .bss           0x0000000000018690        0x0 lib/open.o
 .bss           0x0000000000018690        0x0 lib/read.o
 .bss           0x0000000000018690        0x0 lib/write.o
 .bss           0x0000000000018690        0x0 lib/close.o
 .bss           0x0000000000018690        0x0 lib/unlink.o
 .bss           0x0000000000018690        0x0 lib/getpid.o
 .bss           0x0000000000018690        0x0 lib/syslog.o
 .bss           0x0000000000018690        0x0 lib/fork.o
 .bss           0x0000000000018690        0x0 lib/exit.o
 .bss           0x0000000000018690        0x0 lib/sleep.o
 .bss           0x0000000000018690        0x0 lib/wait.o
 .bss           0x0000000000018690        0x0 mm/main.o
 .bss           0x0000000000018690        0x0 mm/func.o
 .bss           0x0000000000018690        0x0 fs/main.o
 .bss           0x0000000000018690        0x0 fs/open.o
 .bss           0x0000000000018690        0x0 fs/misc.o
 .bss           0x0000000000018690        0x0 fs/read_write.o
 .bss           0x0000000000018690        0x0 fs/link.o
 *fill*         0x0000000000018690       0x10 
 .bss           0x00000000000186a0      0x208 fs/disklog.o
 *(COMMON)
 *fill*         0x00000000000188a8       0x18 
 COMMON         0x00000000000188c0    0x453dc kernel/global.o
                0x00000000000188c0                idt_ptr
                0x00000000000188e0                inode_table
                0x00000000000193e0                task_stack
                0x00000000000593e0                k_reenter
                0x0000000000059400                gdt
                0x0000000000059800                current_console
                0x0000000000059804                pcaller
                0x0000000000059820                tty_table
                0x000000000005a4a0                tss
                0x000000000005a520                fs_msg
                0x000000000005a550                memory_size
                0x000000000005a560                f_desc_table
                0x000000000005a960                root_inode
                0x000000000005a964                disp_pos
                0x000000000005a980                mm_msg
                0x000000000005a9b0                key_pressed
                0x000000000005a9b4                gdt_ptr
                0x000000000005a9c0                idt
                0x000000000005b1c0                super_block
                0x000000000005b3a0                ticks
                0x000000000005b3c0                console_table
                0x000000000005b400                irq_table
                0x000000000005b440                p_proc_ready
                0x000000000005b460                proc_table
 COMMON         0x000000000005dc9c       0x10 kernel/hd.o
                0x000000000005dc9c                PARTITION_ENTRY
 *fill*         0x000000000005dcac       0x14 
 COMMON         0x000000000005dcc0    0x14860 game/TTT.o
                0x000000000005dcc0                tmpQP
                0x000000000005dd00                States
                0x0000000000072520                . = ALIGN ((. != 0x0)?0x4:0x1)
                0x0000000000072520                . = ALIGN (0x4)
                0x0000000000072520                . = SEGMENT_START ("ldata-segment", .)
                0x0000000000072520                . = ALIGN (0x4)
                0x0000000000072520                _end = .
                0x0000000000072520                PROVIDE (end, .)
                0x0000000000072520                . = DATA_SEGMENT_END (.)

.stab
 *(.stab)

.stabstr
 *(.stabstr)

.stab.excl
 *(.stab.excl)

.stab.exclstr
 *(.stab.exclstr)

.stab.index
 *(.stab.index)

.stab.indexstr
 *(.stab.indexstr)

.comment        0x0000000000000000       0x2b
 *(.comment)
 .comment       0x0000000000000000       0x2b kernel/start.o
                                         0x2c (size before relaxing)
 .comment       0x0000000000000000       0x2c kernel/main.o
 .comment       0x0000000000000000       0x2c kernel/clock.o
 .comment       0x0000000000000000       0x2c kernel/keyboard.o
 .comment       0x0000000000000000       0x2c kernel/tty.o
 .comment       0x0000000000000000       0x2c kernel/console.o
 .comment       0x0000000000000000       0x2c kernel/i8259.o
 .comment       0x0000000000000000       0x2c kernel/global.o
 .comment       0x0000000000000000       0x2c kernel/protect.o
 .comment       0x0000000000000000       0x2c kernel/proc.o
 .comment       0x0000000000000000       0x2c kernel/systask.o
 .comment       0x0000000000000000       0x2c kernel/hd.o
 .comment       0x0000000000000000       0x2c game/TTT.o
 .comment       0x0000000000000000       0x2c lib/printf.o
 .comment       0x0000000000000000       0x2c lib/sl.o
 .comment       0x0000000000000000       0x2c lib/vsprintf.o
 .comment       0x0000000000000000       0x2c lib/klib.o
 .comment       0x0000000000000000       0x2c lib/ls.o
 .comment       0x0000000000000000       0x2c lib/mkdir.o
 .comment       0x0000000000000000       0x2c lib/misc.o
 .comment       0x0000000000000000       0x2c lib/open.o
 .comment       0x0000000000000000       0x2c lib/read.o
 .comment       0x0000000000000000       0x2c lib/write.o
 .comment       0x0000000000000000       0x2c lib/close.o
 .comment       0x0000000000000000       0x2c lib/unlink.o
 .comment       0x0000000000000000       0x2c lib/getpid.o
 .comment       0x0000000000000000       0x2c lib/syslog.o
 .comment       0x0000000000000000       0x2c lib/fork.o
 .comment       0x0000000000000000       0x2c lib/exit.o
 .comment       0x0000000000000000       0x2c lib/sleep.o
 .comment       0x0000000000000000       0x2c lib/wait.o
 .comment       0x0000000000000000       0x2c mm/main.o
 .comment       0x0000000000000000       0x2c mm/func.o
 .comment       0x0000000000000000       0x2c fs/main.o
 .comment       0x0000000000000000       0x2c fs/open.o
 .comment       0x0000000000000000       0x2c fs/misc.o
 .comment       0x0000000000000000       0x2c fs/read_write.o
 .comment       0x0000000000000000       0x2c fs/link.o
 .comment       0x0000000000000000       0x2c fs/disklog.o

.debug
 *(.debug)

.line
 *(.line)

.debug_srcinfo
 *(.debug_srcinfo)

.debug_sfnames
 *(.debug_sfnames)

.debug_aranges
 *(.debug_aranges)

.debug_pubnames
 *(.debug_pubnames)

.debug_info
 *(.debug_info .gnu.linkonce.wi.*)

.debug_abbrev
 *(.debug_abbrev)

.debug_line
 *(.debug_line .debug_line.* .debug_line_end)

.debug_frame
 *(.debug_frame)

.debug_str
 *(.debug_str)

.debug_loc
 *(.debug_loc)

.debug_macinfo
 *(.debug_macinfo)

.debug_weaknames
 *(.debug_weaknames)

.debug_funcnames
 *(.debug_funcnames)

.debug_typenames
 *(.debug_typenames)

.debug_varnames
 *(.debug_varnames)

.debug_pubtypes
 *(.debug_pubtypes)

.debug_ranges
 *(.debug_ranges)

.debug_macro
 *(.debug_macro)

.gnu.attributes
 *(.gnu.attributes)

/DISCARD/
 *(.note.GNU-stack)
 *(.gnu_debuglink)
 *(.gnu.lto_*)
OUTPUT(kernel.bin elf32-i386)
