
Allocating common symbols
Common symbol       size              file

idt_ptr             0x6               kernel/global.o
inode_table         0xb00             kernel/global.o
task_stack          0x40000           kernel/global.o
k_reenter           0x4               kernel/global.o
gdt                 0x400             kernel/global.o
current_console     0x4               kernel/global.o
pcaller             0x4               kernel/global.o
tty_table           0xc6c             kernel/global.o
tss                 0x68              kernel/global.o
tmpQP               0x24              game/TTT.o
fs_msg              0x30              kernel/global.o
memory_size         0x4               kernel/global.o
f_desc_table        0x400             kernel/global.o
root_inode          0x4               kernel/global.o
disp_pos            0x4               kernel/global.o
mm_msg              0x30              kernel/global.o
key_pressed         0x4               kernel/global.o
gdt_ptr             0x6               kernel/global.o
idt                 0x800             kernel/global.o
super_block         0x1e0             kernel/global.o
PARTITION_ENTRY     0x10              kernel/hd.o
ticks               0x4               kernel/global.o
States              0x14820           game/TTT.o
console_table       0x3c              kernel/global.o
irq_table           0x40              kernel/global.o
p_proc_ready        0x4               kernel/global.o
proc_table          0x283c            kernel/global.o

Discarded input sections

 .note.GNU-stack
                0x0000000000000000        0x0 kernel/start.o
 .note.GNU-stack
                0x0000000000000000        0x0 kernel/main.o
 .note.GNU-stack
                0x0000000000000000        0x0 kernel/clock.o
 .note.GNU-stack
                0x0000000000000000        0x0 kernel/keyboard.o
 .note.GNU-stack
                0x0000000000000000        0x0 kernel/tty.o
 .note.GNU-stack
                0x0000000000000000        0x0 kernel/console.o
 .note.GNU-stack
                0x0000000000000000        0x0 kernel/i8259.o
 .note.GNU-stack
                0x0000000000000000        0x0 kernel/global.o
 .note.GNU-stack
                0x0000000000000000        0x0 kernel/protect.o
 .note.GNU-stack
                0x0000000000000000        0x0 kernel/proc.o
 .note.GNU-stack
                0x0000000000000000        0x0 kernel/systask.o
 .note.GNU-stack
                0x0000000000000000        0x0 kernel/hd.o
 .note.GNU-stack
                0x0000000000000000        0x0 game/TTT.o
 .note.GNU-stack
                0x0000000000000000        0x0 lib/printf.o
 .note.GNU-stack
                0x0000000000000000        0x0 lib/sl.o
 .note.GNU-stack
                0x0000000000000000        0x0 lib/vsprintf.o
 .note.GNU-stack
                0x0000000000000000        0x0 lib/klib.o
 .note.GNU-stack
                0x0000000000000000        0x0 lib/ls.o
 .note.GNU-stack
                0x0000000000000000        0x0 lib/mkdir.o
 .note.GNU-stack
                0x0000000000000000        0x0 lib/misc.o
 .note.GNU-stack
                0x0000000000000000        0x0 lib/open.o
 .note.GNU-stack
                0x0000000000000000        0x0 lib/read.o
 .note.GNU-stack
                0x0000000000000000        0x0 lib/write.o
 .note.GNU-stack
                0x0000000000000000        0x0 lib/close.o
 .note.GNU-stack
                0x0000000000000000        0x0 lib/unlink.o
 .note.GNU-stack
                0x0000000000000000        0x0 lib/getpid.o
 .note.GNU-stack
                0x0000000000000000        0x0 lib/syslog.o
 .note.GNU-stack
                0x0000000000000000        0x0 lib/fork.o
 .note.GNU-stack
                0x0000000000000000        0x0 lib/exit.o
 .note.GNU-stack
                0x0000000000000000        0x0 lib/sleep.o
 .note.GNU-stack
                0x0000000000000000        0x0 lib/wait.o
 .note.GNU-stack
                0x0000000000000000        0x0 mm/main.o
 .note.GNU-stack
                0x0000000000000000        0x0 mm/func.o
 .note.GNU-stack
                0x0000000000000000        0x0 fs/main.o
 .note.GNU-stack
                0x0000000000000000        0x0 fs/open.o
 .note.GNU-stack
                0x0000000000000000        0x0 fs/misc.o
 .note.GNU-stack
                0x0000000000000000        0x0 fs/read_write.o
 .note.GNU-stack
                0x0000000000000000        0x0 fs/link.o
 .note.GNU-stack
                0x0000000000000000        0x0 fs/disklog.o

Memory Configuration

Name             Origin             Length             Attributes
*default*        0x0000000000000000 0xffffffffffffffff

Linker script and memory map

Address of section .text set to 0x1000
LOAD kernel/kernel.o
LOAD lib/syscall.o
LOAD kernel/start.o
LOAD kernel/main.o
LOAD kernel/clock.o
LOAD kernel/keyboard.o
LOAD kernel/tty.o
LOAD kernel/console.o
LOAD kernel/i8259.o
LOAD kernel/global.o
LOAD kernel/protect.o
LOAD kernel/proc.o
LOAD kernel/systask.o
LOAD kernel/hd.o
LOAD game/TTT.o
LOAD lib/printf.o
LOAD lib/sl.o
LOAD lib/vsprintf.o
LOAD lib/kliba.o
LOAD lib/klib.o
LOAD lib/string.o
LOAD lib/ls.o
LOAD lib/mkdir.o
LOAD lib/misc.o
LOAD lib/open.o
LOAD lib/read.o
LOAD lib/write.o
LOAD lib/close.o
LOAD lib/unlink.o
LOAD lib/getpid.o
LOAD lib/syslog.o
LOAD lib/fork.o
LOAD lib/exit.o
LOAD lib/sleep.o
LOAD lib/wait.o
LOAD mm/main.o
LOAD mm/func.o
LOAD fs/main.o
LOAD fs/open.o
LOAD fs/misc.o
LOAD fs/read_write.o
LOAD fs/link.o
LOAD fs/disklog.o
                0x0000000008048000                PROVIDE (__executable_start, 0x8048000)
                0x0000000008048094                . = (0x8048000 + SIZEOF_HEADERS)

.interp
 *(.interp)

.note.gnu.build-id
 *(.note.gnu.build-id)

.hash
 *(.hash)

.gnu.hash
 *(.gnu.hash)

.dynsym
 *(.dynsym)

.dynstr
 *(.dynstr)

.gnu.version
 *(.gnu.version)

.gnu.version_d
 *(.gnu.version_d)

.gnu.version_r
 *(.gnu.version_r)

.rel.dyn        0x0000000008048094        0x0
 *(.rel.init)
 *(.rel.text .rel.text.* .rel.gnu.linkonce.t.*)
 .rel.text      0x0000000000000000        0x0 kernel/kernel.o
 *(.rel.fini)
 *(.rel.rodata .rel.rodata.* .rel.gnu.linkonce.r.*)
 *(.rel.data.rel.ro .rel.data.rel.ro.* .rel.gnu.linkonce.d.rel.ro.*)
 *(.rel.data .rel.data.* .rel.gnu.linkonce.d.*)
 .rel.data      0x0000000000000000        0x0 kernel/kernel.o
 *(.rel.tdata .rel.tdata.* .rel.gnu.linkonce.td.*)
 *(.rel.tbss .rel.tbss.* .rel.gnu.linkonce.tb.*)
 *(.rel.ctors)
 *(.rel.dtors)
 *(.rel.got)
 *(.rel.bss .rel.bss.* .rel.gnu.linkonce.b.*)
 *(.rel.ifunc)

.rel.plt        0x0000000008048094        0x0
 *(.rel.plt)
                0x0000000008048094                PROVIDE (__rel_iplt_start, .)
 *(.rel.iplt)
 .rel.iplt      0x0000000000000000        0x0 kernel/kernel.o
                0x0000000008048094                PROVIDE (__rel_iplt_end, .)

.init
 *(SORT(.init))

.plt            0x00000000080480a0        0x0
 *(.plt)
 *(.iplt)
 .iplt          0x0000000000000000        0x0 kernel/kernel.o

.text           0x0000000000001000     0xf1da
 *(.text.unlikely .text.*_unlikely .text.unlikely.*)
 *(.text.exit .text.exit.*)
 *(.text.startup .text.startup.*)
 *(.text.hot .text.hot.*)
 *(.text .stub .text.* .gnu.linkonce.t.*)
 .text          0x0000000000001000      0x410 kernel/kernel.o
                0x0000000000001000                _start
                0x0000000000001040                hwint00
                0x0000000000001070                hwint01
                0x00000000000010a0                hwint02
                0x00000000000010d0                hwint03
                0x0000000000001100                hwint04
                0x0000000000001130                hwint05
                0x0000000000001160                hwint06
                0x0000000000001190                hwint07
                0x00000000000011c0                hwint08
                0x00000000000011f0                hwint09
                0x0000000000001220                hwint10
                0x0000000000001250                hwint11
                0x0000000000001280                hwint12
                0x00000000000012b0                hwint13
                0x00000000000012e0                hwint14
                0x0000000000001310                hwint15
                0x0000000000001334                divide_error
                0x000000000000133a                single_step_exception
                0x0000000000001340                nmi
                0x0000000000001346                breakpoint_exception
                0x000000000000134c                overflow
                0x0000000000001352                bounds_check
                0x0000000000001358                inval_opcode
                0x000000000000135e                copr_not_available
                0x0000000000001364                double_fault
                0x0000000000001368                copr_seg_overrun
                0x000000000000136e                inval_tss
                0x0000000000001372                segment_not_present
                0x0000000000001376                stack_exception
                0x000000000000137a                general_protection
                0x000000000000137e                page_fault
                0x0000000000001382                copr_error
                0x00000000000013cb                sys_call
                0x00000000000013eb                restart
 .text          0x0000000000001410       0x28 lib/syscall.o
                0x0000000000001410                sendrec
                0x000000000000142a                printx
 .text          0x0000000000001438       0x8e kernel/start.o
                0x0000000000001438                cstart
 .text          0x00000000000014c6     0x1cec kernel/main.o
                0x00000000000014c6                rand2048
                0x00000000000014ed                srand2048
                0x00000000000014fa                start2048Game
                0x00000000000015a0                morge2048
                0x00000000000018a2                printNums2048
                0x0000000000001940                isAlive2048
                0x000000000000196d                canEliminate2048
                0x0000000000001a36                zeroNum2048
                0x0000000000001a8c                addrandom2048
                0x0000000000001b2b                move2048
                0x0000000000001be9                merge2048
                0x0000000000001c93                initData
                0x0000000000001d28                kernel_main
                0x0000000000002074                nothing
                0x0000000000002079                Init_test
                0x00000000000021b1                get_ticks
                0x00000000000021e9                convert_to_absolute
                0x0000000000002262                TestA
                0x0000000000002b16                TestB
                0x0000000000002c7b                TestC
                0x0000000000002c8f                panic
                0x0000000000002cdf                clear
                0x0000000000002d44                help
                0x0000000000002df4                ProcessManage
                0x0000000000002eb8                CreateFile
                0x0000000000002f5c                DeleteFile
                0x0000000000002fc2                ReadFile
                0x000000000000307d                WriteFile
                0x000000000000317d                CreateDir
 .text          0x00000000000031b2      0x115 kernel/clock.o
                0x00000000000031b2                clock_handler
                0x000000000000322a                milli_delay
                0x0000000000003263                init_clock
 .text          0x00000000000032c7      0x6cf kernel/keyboard.o
                0x00000000000032c7                keyboard_handler
                0x000000000000332d                init_keyboard
                0x00000000000033dc                keyboard_read
 .text          0x0000000000003996      0x9d3 kernel/tty.o
                0x0000000000003996                task_tty
                0x0000000000003b4a                in_process
                0x0000000000004070                sys_printx
                0x0000000000004212                dump_tty_buf
 .text          0x0000000000004369      0x7e1 kernel/console.o
                0x0000000000004369                init_screen
                0x00000000000044da                out_char
                0x0000000000004797                clear_screen
                0x00000000000047d0                is_current_console
                0x00000000000047f3                set_cursor
                0x000000000000485c                set_video_start_addr
                0x00000000000048c5                select_console
                0x0000000000004900                scroll_screen
                0x0000000000004ae4                flush
 .text          0x0000000000004b4a      0x13c kernel/i8259.o
                0x0000000000004b4a                init_8259A
                0x0000000000004c3b                spurious_irq
                0x0000000000004c66                put_irq_handler
 .text          0x0000000000004c86        0x0 kernel/global.o
 .text          0x0000000000004c86      0x842 kernel/protect.o
                0x0000000000004c86                init_prot
                0x00000000000052e0                seg2phys
                0x000000000000532f                init_descriptor
                0x000000000000539b                exception_handler
 .text          0x00000000000054c8     0x18d2 kernel/proc.o
                0x00000000000054c8                new_getpid
                0x00000000000054d5                schedule
                0x0000000000005560                sys_sendrec
                0x00000000000056bf                ldt_seg_linear
                0x0000000000005709                va2la
                0x0000000000005778                reset_msg
                0x000000000000674b                inform_int
                0x00000000000068ed                dump_proc
                0x0000000000006c53                dump_msg
 .text          0x0000000000006d9a       0x95 kernel/systask.o
                0x0000000000006d9a                task_sys
 .text          0x0000000000006e2f      0xe9e kernel/hd.o
                0x0000000000006e2f                task_hd
                0x0000000000007ca8                hd_handler
 .text          0x0000000000007ccd      0xeef game/TTT.o
                0x0000000000007ccd                Init
                0x0000000000007d28                PrintQP
                0x0000000000007ddd                IsWin
                0x0000000000007fa3                e_fun
                0x0000000000008374                AutoDone
                0x000000000000894b                UserInput
                0x0000000000008a61                TTT
 .text          0x0000000000008bbc      0x167 lib/printf.o
                0x0000000000008bbc                printf
                0x0000000000008c3b                printi
                0x0000000000008ce2                printl
 .text          0x0000000000008d23     0x1c0d lib/sl.o
                0x0000000000008d23                sl
 .text          0x000000000000a930      0x318 lib/vsprintf.o
                0x000000000000a993                vsprintf
                0x000000000000ac1e                sprintf
 *fill*         0x000000000000ac48        0x8 
 .text          0x000000000000ac50      0x19a lib/kliba.o
                0x000000000000ac50                disp_str
                0x000000000000ac8e                disp_color_str
                0x000000000000accd                out_byte
                0x000000000000acd9                in_byte
                0x000000000000ace3                port_read
                0x000000000000acf6                port_write
                0x000000000000ad09                disable_irq
                0x000000000000ad3e                enable_irq
                0x000000000000ad5d                disable_int
                0x000000000000ad5f                enable_int
                0x000000000000ad61                glitter
 .text          0x000000000000adea      0x348 lib/klib.o
                0x000000000000adea                get_boot_params
                0x000000000000ae44                get_kernel_map
                0x000000000000af60                itoa
                0x000000000000b00b                atoi
                0x000000000000b0c7                disp_int
                0x000000000000b0ec                delay
 *fill*         0x000000000000b132        0xe 
 .text          0x000000000000b140       0x9f lib/string.o
                0x000000000000b140                memcpy
                0x000000000000b169                memset
                0x000000000000b18a                strcpy
                0x000000000000b1a2                asm_strcat
                0x000000000000b1c9                strlen
 .text          0x000000000000b1df       0x48 lib/ls.o
                0x000000000000b1df                ls
 .text          0x000000000000b227       0x48 lib/mkdir.o
                0x000000000000b227                mkdir
 .text          0x000000000000b26f      0x288 lib/misc.o
                0x000000000000b26f                memcmp
                0x000000000000b2e5                strcmp
                0x000000000000b357                strcat
                0x000000000000b3b6                spin
                0x000000000000b3d1                assertion_failure
                0x000000000000b417                send_recv
 .text          0x000000000000b4f7       0x73 lib/open.o
                0x000000000000b4f7                open
 .text          0x000000000000b56a       0x3f lib/read.o
                0x000000000000b56a                read
 .text          0x000000000000b5a9       0x3f lib/write.o
                0x000000000000b5a9                write
 .text          0x000000000000b5e8       0x33 lib/close.o
                0x000000000000b5e8                close
 .text          0x000000000000b61b       0x41 lib/unlink.o
                0x000000000000b61b                unlink
 .text          0x000000000000b65c       0x59 lib/getpid.o
                0x000000000000b65c                getpid
 .text          0x000000000000b6b5       0xdb lib/syslog.o
                0x000000000000b6b5                syslog
 .text          0x000000000000b790       0x84 lib/fork.o
                0x000000000000b790                fork
 .text          0x000000000000b814        0x0 lib/exit.o
 .text          0x000000000000b814        0x0 lib/sleep.o
 .text          0x000000000000b814        0x0 lib/wait.o
 .text          0x000000000000b814      0x195 mm/main.o
                0x000000000000b852                task_mm
                0x000000000000b940                alloc_mem
                0x000000000000b99f                free_mem
 .text          0x000000000000b9a9      0x58c mm/func.o
                0x000000000000b9a9                mm_fork
                0x000000000000bf26                mm_exit
                0x000000000000bf30                mm_wait
 .text          0x000000000000bf35      0xff8 fs/main.o
                0x000000000000bf35                task_fs
                0x000000000000c9dd                rw_sector
                0x000000000000cc17                get_super_block
                0x000000000000cc5d                get_inode
                0x000000000000cdcb                put_inode
                0x000000000000ce10                sync_inode
 .text          0x000000000000cf2d      0xe0a fs/open.o
                0x000000000000cf2d                do_open
                0x000000000000d3ab                do_close
                0x000000000000d403                do_lseek
                0x000000000000da5a                do_ls
                0x000000000000dc3f                do_mkdir
 .text          0x000000000000dd37      0x205 fs/misc.o
                0x000000000000dd37                search_file
                0x000000000000deb0                strip_path
 .text          0x000000000000df3c      0x522 fs/read_write.o
                0x000000000000df3c                do_rdwt
 .text          0x000000000000e45e      0x8f6 fs/link.o
                0x000000000000e45e                do_unlink
 .text          0x000000000000ed54     0x1486 fs/disklog.o
                0x000000000000ed54                do_disklog
                0x000000000000edff                disklog
                0x000000000000f3a9                dump_fd_graph
 *(.gnu.warning)

.fini
 *(SORT(.fini))
                0x00000000000101da                PROVIDE (__etext, .)
                0x00000000000101da                PROVIDE (_etext, .)
                0x00000000000101da                PROVIDE (etext, .)

.rodata         0x00000000000101e0     0x5ffb
 *(.rodata .rodata.* .gnu.linkonce.r.*)
 .rodata        0x00000000000101e0       0x47 kernel/start.o
 *fill*         0x0000000000010227        0x1 
 .rodata        0x0000000000010228      0xa17 kernel/main.o
 *fill*         0x0000000000010c3f        0x1 
 .rodata        0x0000000000010c40       0x64 kernel/keyboard.o
 .rodata        0x0000000000010ca4      0x13c kernel/tty.o
 .rodata        0x0000000000010de0       0x5b kernel/console.o
 .rodata        0x0000000000010e3b       0x11 kernel/i8259.o
 .rodata        0x0000000000010e4c        0x4 kernel/global.o
                0x0000000000010e4c                FSBUF_SIZE
 *fill*         0x0000000000010e50       0x10 
 .rodata        0x0000000000010e60      0x580 kernel/protect.o
 .rodata        0x00000000000113e0      0x5da kernel/proc.o
 .rodata        0x00000000000119ba       0x17 kernel/systask.o
 *fill*         0x00000000000119d1        0x3 
 .rodata        0x00000000000119d4      0x1ba kernel/hd.o
 *fill*         0x0000000000011b8e        0x2 
 .rodata        0x0000000000011b90      0x191 game/TTT.o
                0x0000000000011b90                NO_BLANK
                0x0000000000011b94                TREE_DEPTH
                0x0000000000011b98                NIL
 *fill*         0x0000000000011d21        0x3 
 .rodata        0x0000000000011d24       0x35 lib/printf.o
 *fill*         0x0000000000011d59        0x3 
 .rodata        0x0000000000011d5c     0x33cb lib/sl.o
 .rodata        0x0000000000015127       0x35 lib/klib.o
 .rodata        0x000000000001515c       0xae lib/misc.o
 .rodata        0x000000000001520a       0x23 lib/open.o
 .rodata        0x000000000001522d       0x25 lib/getpid.o
 .rodata        0x0000000000015252       0x32 lib/syslog.o
 .rodata        0x0000000000015284       0x33 lib/fork.o
 *fill*         0x00000000000152b7        0x1 
 .rodata        0x00000000000152b8       0x8d mm/main.o
 *fill*         0x0000000000015345        0x3 
 .rodata        0x0000000000015348      0x179 mm/func.o
 *fill*         0x00000000000154c1        0x3 
 .rodata        0x00000000000154c4      0x222 fs/main.o
 *fill*         0x00000000000156e6        0x2 
 .rodata        0x00000000000156e8      0x1c7 fs/open.o
 *fill*         0x00000000000158af        0x1 
 .rodata        0x00000000000158b0      0x164 fs/read_write.o
 .rodata        0x0000000000015a14      0x19d fs/link.o
 *fill*         0x0000000000015bb1        0x3 
 .rodata        0x0000000000015bb4      0x627 fs/disklog.o

.rodata1
 *(.rodata1)

.eh_frame_hdr
 *(.eh_frame_hdr)

.eh_frame       0x00000000000161dc     0x1694
 *(.eh_frame)
 .eh_frame      0x00000000000161dc       0x38 kernel/start.o
 .eh_frame      0x0000000000016214      0x39c kernel/main.o
                                        0x3b4 (size before relaxing)
 .eh_frame      0x00000000000165b0       0x60 kernel/clock.o
                                         0x78 (size before relaxing)
 .eh_frame      0x0000000000016610       0xe0 kernel/keyboard.o
                                         0xf8 (size before relaxing)
 .eh_frame      0x00000000000166f0      0x13c kernel/tty.o
                                        0x154 (size before relaxing)
 .eh_frame      0x000000000001682c      0x148 kernel/console.o
                                        0x160 (size before relaxing)
 .eh_frame      0x0000000000016974       0x60 kernel/i8259.o
                                         0x78 (size before relaxing)
 .eh_frame      0x00000000000169d4       0xb0 kernel/protect.o
                                         0xc8 (size before relaxing)
 .eh_frame      0x0000000000016a84      0x1e0 kernel/proc.o
                                        0x1f8 (size before relaxing)
 .eh_frame      0x0000000000016c64       0x1c kernel/systask.o
                                         0x34 (size before relaxing)
 .eh_frame      0x0000000000016c80      0x210 kernel/hd.o
                                        0x228 (size before relaxing)
 .eh_frame      0x0000000000016e90      0x128 game/TTT.o
                                        0x140 (size before relaxing)
 .eh_frame      0x0000000000016fb8       0x60 lib/printf.o
                                         0x78 (size before relaxing)
 .eh_frame      0x0000000000017018       0x20 lib/sl.o
                                         0x38 (size before relaxing)
 .eh_frame      0x0000000000017038       0x68 lib/vsprintf.o
                                         0x80 (size before relaxing)
 .eh_frame      0x00000000000170a0       0xc0 lib/klib.o
                                         0xd8 (size before relaxing)
 .eh_frame      0x0000000000017160       0x20 lib/ls.o
                                         0x38 (size before relaxing)
 .eh_frame      0x0000000000017180       0x20 lib/mkdir.o
                                         0x38 (size before relaxing)
 .eh_frame      0x00000000000171a0       0xbc lib/misc.o
                                         0xd4 (size before relaxing)
 .eh_frame      0x000000000001725c       0x20 lib/open.o
                                         0x38 (size before relaxing)
 .eh_frame      0x000000000001727c       0x20 lib/read.o
                                         0x38 (size before relaxing)
 .eh_frame      0x000000000001729c       0x20 lib/write.o
                                         0x38 (size before relaxing)
 .eh_frame      0x00000000000172bc       0x20 lib/close.o
                                         0x38 (size before relaxing)
 .eh_frame      0x00000000000172dc       0x20 lib/unlink.o
                                         0x38 (size before relaxing)
 .eh_frame      0x00000000000172fc       0x20 lib/getpid.o
                                         0x38 (size before relaxing)
 .eh_frame      0x000000000001731c       0x20 lib/syslog.o
                                         0x38 (size before relaxing)
 .eh_frame      0x000000000001733c       0x20 lib/fork.o
                                         0x38 (size before relaxing)
 .eh_frame      0x000000000001735c       0x7c mm/main.o
                                         0x94 (size before relaxing)
 .eh_frame      0x00000000000173d8       0x90 mm/func.o
                                         0xa8 (size before relaxing)
 .eh_frame      0x0000000000017468      0x174 fs/main.o
                                        0x18c (size before relaxing)
 .eh_frame      0x00000000000175dc      0x174 fs/open.o
                                        0x18c (size before relaxing)
 .eh_frame      0x0000000000017750       0x48 fs/misc.o
                                         0x60 (size before relaxing)
 .eh_frame      0x0000000000017798       0x2c fs/read_write.o
                                         0x44 (size before relaxing)
 .eh_frame      0x00000000000177c4       0x2c fs/link.o
                                         0x44 (size before relaxing)
 .eh_frame      0x00000000000177f0       0x80 fs/disklog.o
                                         0x98 (size before relaxing)

.gcc_except_table
 *(.gcc_except_table .gcc_except_table.*)

.exception_ranges
 *(.exception_ranges .exception_ranges*)
                0x0000000000017870                . = (ALIGN (0x1000) - ((0x1000 - .) & 0xfff))
                0x0000000000018870                . = DATA_SEGMENT_ALIGN (0x1000, 0x1000)

.eh_frame
 *(.eh_frame)

.gcc_except_table
 *(.gcc_except_table .gcc_except_table.*)

.exception_ranges
 *(.exception_ranges .exception_ranges*)

.tdata
 *(.tdata .tdata.* .gnu.linkonce.td.*)

.tbss
 *(.tbss .tbss.* .gnu.linkonce.tb.*)
 *(.tcommon)

.preinit_array  0x0000000000018870        0x0
                0x0000000000018870                PROVIDE (__preinit_array_start, .)
 *(.preinit_array)
                0x0000000000018870                PROVIDE (__preinit_array_end, .)

.init_array     0x0000000000018870        0x0
                0x0000000000018870                PROVIDE (__init_array_start, .)
 *(SORT(.init_array.*) SORT(.ctors.*))
 *(.init_array EXCLUDE_FILE(*crtend?.o *crtend.o *crtbegin?.o *crtbegin.o) .ctors)
                0x0000000000018870                PROVIDE (__init_array_end, .)

.fini_array     0x0000000000018870        0x0
                0x0000000000018870                PROVIDE (__fini_array_start, .)
 *(SORT(.fini_array.*) SORT(.dtors.*))
 *(.fini_array EXCLUDE_FILE(*crtend?.o *crtend.o *crtbegin?.o *crtbegin.o) .dtors)
                0x0000000000018870                PROVIDE (__fini_array_end, .)

.ctors
 *crtbegin.o(.ctors)
 *crtbegin?.o(.ctors)
 *(EXCLUDE_FILE(*crtend?.o *crtend.o) .ctors)
 *(SORT(.ctors.*))
 *(.ctors)

.dtors
 *crtbegin.o(.dtors)
 *crtbegin?.o(.dtors)
 *(EXCLUDE_FILE(*crtend?.o *crtend.o) .dtors)
 *(SORT(.dtors.*))
 *(.dtors)

.jcr
 *(.jcr)

.data.rel.ro
 *(.data.rel.ro.local* .gnu.linkonce.d.rel.ro.local.*)
 *(.data.rel.ro .data.rel.ro.* .gnu.linkonce.d.rel.ro.*)

.dynamic
 *(.dynamic)

.got
 *(.got)
 *(.igot)
                0x0000000000018870                . = DATA_SEGMENT_RELRO_END (., (SIZEOF (.got.plt) >= 0xc)?0xc:0x0)

.got.plt        0x0000000000018870        0x0
 *(.got.plt)
 *(.igot.plt)
 .igot.plt      0x0000000000000000        0x0 kernel/kernel.o

.data           0x0000000000018880      0x7e0
 *(.data .data.* .gnu.linkonce.d.*)
 .data          0x0000000000018880        0x2 kernel/kernel.o
 .data          0x0000000000018882        0x0 kernel/start.o
 *fill*         0x0000000000018882        0x2 
 .data          0x0000000000018884        0x4 kernel/main.o
 .data          0x0000000000018888        0x0 kernel/clock.o
 *fill*         0x0000000000018888       0x18 
 .data          0x00000000000188a0      0x600 kernel/keyboard.o
                0x00000000000188a0                keymap
 .data          0x0000000000018ea0       0x22 kernel/tty.o
 .data          0x0000000000018ec2        0x0 kernel/console.o
 .data          0x0000000000018ec2        0x0 kernel/i8259.o
 *fill*         0x0000000000018ec2       0x1e 
 .data          0x0000000000018ee0      0x180 kernel/global.o
                0x0000000000018ee0                task_table
                0x0000000000018fc0                user_proc_table
                0x0000000000019038                sys_call_table
                0x0000000000019044                dd_map
                0x000000000001905c                fsbuf
 .data          0x0000000000019060        0x0 kernel/protect.o
 .data          0x0000000000019060        0x0 kernel/proc.o
 .data          0x0000000000019060        0x0 kernel/systask.o
 .data          0x0000000000019060        0x0 kernel/hd.o
 .data          0x0000000000019060        0x0 game/TTT.o
 .data          0x0000000000019060        0x0 lib/printf.o
 .data          0x0000000000019060        0x0 lib/sl.o
 .data          0x0000000000019060        0x0 lib/vsprintf.o
 .data          0x0000000000019060        0x0 lib/klib.o
 .data          0x0000000000019060        0x0 lib/ls.o
 .data          0x0000000000019060        0x0 lib/mkdir.o
 .data          0x0000000000019060        0x0 lib/misc.o
 .data          0x0000000000019060        0x0 lib/open.o
 .data          0x0000000000019060        0x0 lib/read.o
 .data          0x0000000000019060        0x0 lib/write.o
 .data          0x0000000000019060        0x0 lib/close.o
 .data          0x0000000000019060        0x0 lib/unlink.o
 .data          0x0000000000019060        0x0 lib/getpid.o
 .data          0x0000000000019060        0x0 lib/syslog.o
 .data          0x0000000000019060        0x0 lib/fork.o
 .data          0x0000000000019060        0x0 lib/exit.o
 .data          0x0000000000019060        0x0 lib/sleep.o
 .data          0x0000000000019060        0x0 lib/wait.o
 .data          0x0000000000019060        0x0 mm/main.o
 .data          0x0000000000019060        0x0 mm/func.o
 .data          0x0000000000019060        0x0 fs/main.o
 .data          0x0000000000019060        0x0 fs/open.o
 .data          0x0000000000019060        0x0 fs/misc.o
 .data          0x0000000000019060        0x0 fs/read_write.o
 .data          0x0000000000019060        0x0 fs/link.o
 .data          0x0000000000019060        0x0 fs/disklog.o

.data1
 *(.data1)
                0x0000000000019060                _edata = .
                0x0000000000019060                PROVIDE (edata, .)
                0x0000000000019060                . = .
                0x0000000000019060                __bss_start = .

.bss            0x0000000000019060    0x5ada0
 *(.dynbss)
 *(.bss .bss.* .gnu.linkonce.b.*)
 .bss           0x0000000000019060      0x800 kernel/kernel.o
 .bss           0x0000000000019860        0x0 kernel/start.o
 .bss           0x0000000000019860       0x5a kernel/main.o
                0x0000000000019860                numbers2048
                0x00000000000198a0                tempUnit2048
                0x00000000000198b0                score2048
                0x00000000000198b4                validity2048
                0x00000000000198b8                option2048
 .bss           0x00000000000198ba        0x0 kernel/clock.o
 *fill*         0x00000000000198ba        0x6 
 .bss           0x00000000000198c0       0x58 kernel/keyboard.o
 .bss           0x0000000000019918        0x0 kernel/tty.o
 .bss           0x0000000000019918        0x0 kernel/console.o
 .bss           0x0000000000019918        0x0 kernel/i8259.o
 .bss           0x0000000000019918        0x0 kernel/global.o
 .bss           0x0000000000019918        0x0 kernel/protect.o
 .bss           0x0000000000019918        0x0 kernel/proc.o
 .bss           0x0000000000019918        0x0 kernel/systask.o
 *fill*         0x0000000000019918        0x8 
 .bss           0x0000000000019920      0x64c kernel/hd.o
 .bss           0x0000000000019f6c        0x4 game/TTT.o
 .bss           0x0000000000019f70        0x0 lib/printf.o
 .bss           0x0000000000019f70        0x0 lib/sl.o
 .bss           0x0000000000019f70        0x0 lib/vsprintf.o
 .bss           0x0000000000019f70        0x0 lib/klib.o
 .bss           0x0000000000019f70        0x0 lib/ls.o
 .bss           0x0000000000019f70        0x0 lib/mkdir.o
 .bss           0x0000000000019f70        0x0 lib/misc.o
 .bss           0x0000000000019f70        0x0 lib/open.o
 .bss           0x0000000000019f70        0x0 lib/read.o
 .bss           0x0000000000019f70        0x0 lib/write.o
 .bss           0x0000000000019f70        0x0 lib/close.o
 .bss           0x0000000000019f70        0x0 lib/unlink.o
 .bss           0x0000000000019f70        0x0 lib/getpid.o
 .bss           0x0000000000019f70        0x0 lib/syslog.o
 .bss           0x0000000000019f70        0x0 lib/fork.o
 .bss           0x0000000000019f70        0x0 lib/exit.o
 .bss           0x0000000000019f70        0x0 lib/sleep.o
 .bss           0x0000000000019f70        0x0 lib/wait.o
 .bss           0x0000000000019f70        0x0 mm/main.o
 .bss           0x0000000000019f70        0x0 mm/func.o
 .bss           0x0000000000019f70        0x0 fs/main.o
 .bss           0x0000000000019f70        0x0 fs/open.o
 .bss           0x0000000000019f70        0x0 fs/misc.o
 .bss           0x0000000000019f70        0x0 fs/read_write.o
 .bss           0x0000000000019f70        0x0 fs/link.o
 *fill*         0x0000000000019f70       0x10 
 .bss           0x0000000000019f80      0x208 fs/disklog.o
 *(COMMON)
 *fill*         0x000000000001a188       0x18 
 COMMON         0x000000000001a1a0    0x453dc kernel/global.o
                0x000000000001a1a0                idt_ptr
                0x000000000001a1c0                inode_table
                0x000000000001acc0                task_stack
                0x000000000005acc0                k_reenter
                0x000000000005ace0                gdt
                0x000000000005b0e0                current_console
                0x000000000005b0e4                pcaller
                0x000000000005b100                tty_table
                0x000000000005bd80                tss
                0x000000000005be00                fs_msg
                0x000000000005be30                memory_size
                0x000000000005be40                f_desc_table
                0x000000000005c240                root_inode
                0x000000000005c244                disp_pos
                0x000000000005c260                mm_msg
                0x000000000005c290                key_pressed
                0x000000000005c294                gdt_ptr
                0x000000000005c2a0                idt
                0x000000000005caa0                super_block
                0x000000000005cc80                ticks
                0x000000000005cca0                console_table
                0x000000000005cce0                irq_table
                0x000000000005cd20                p_proc_ready
                0x000000000005cd40                proc_table
 COMMON         0x000000000005f57c       0x10 kernel/hd.o
                0x000000000005f57c                PARTITION_ENTRY
 *fill*         0x000000000005f58c       0x14 
 COMMON         0x000000000005f5a0    0x14860 game/TTT.o
                0x000000000005f5a0                tmpQP
                0x000000000005f5e0                States
                0x0000000000073e00                . = ALIGN ((. != 0x0)?0x4:0x1)
                0x0000000000073e00                . = ALIGN (0x4)
                0x0000000000073e00                . = SEGMENT_START ("ldata-segment", .)
                0x0000000000073e00                . = ALIGN (0x4)
                0x0000000000073e00                _end = .
                0x0000000000073e00                PROVIDE (end, .)
                0x0000000000073e00                . = DATA_SEGMENT_END (.)

.stab
 *(.stab)

.stabstr
 *(.stabstr)

.stab.excl
 *(.stab.excl)

.stab.exclstr
 *(.stab.exclstr)

.stab.index
 *(.stab.index)

.stab.indexstr
 *(.stab.indexstr)

.comment        0x0000000000000000       0x2b
 *(.comment)
 .comment       0x0000000000000000       0x2b kernel/start.o
                                         0x2c (size before relaxing)
 .comment       0x0000000000000000       0x2c kernel/main.o
 .comment       0x0000000000000000       0x2c kernel/clock.o
 .comment       0x0000000000000000       0x2c kernel/keyboard.o
 .comment       0x0000000000000000       0x2c kernel/tty.o
 .comment       0x0000000000000000       0x2c kernel/console.o
 .comment       0x0000000000000000       0x2c kernel/i8259.o
 .comment       0x0000000000000000       0x2c kernel/global.o
 .comment       0x0000000000000000       0x2c kernel/protect.o
 .comment       0x0000000000000000       0x2c kernel/proc.o
 .comment       0x0000000000000000       0x2c kernel/systask.o
 .comment       0x0000000000000000       0x2c kernel/hd.o
 .comment       0x0000000000000000       0x2c game/TTT.o
 .comment       0x0000000000000000       0x2c lib/printf.o
 .comment       0x0000000000000000       0x2c lib/sl.o
 .comment       0x0000000000000000       0x2c lib/vsprintf.o
 .comment       0x0000000000000000       0x2c lib/klib.o
 .comment       0x0000000000000000       0x2c lib/ls.o
 .comment       0x0000000000000000       0x2c lib/mkdir.o
 .comment       0x0000000000000000       0x2c lib/misc.o
 .comment       0x0000000000000000       0x2c lib/open.o
 .comment       0x0000000000000000       0x2c lib/read.o
 .comment       0x0000000000000000       0x2c lib/write.o
 .comment       0x0000000000000000       0x2c lib/close.o
 .comment       0x0000000000000000       0x2c lib/unlink.o
 .comment       0x0000000000000000       0x2c lib/getpid.o
 .comment       0x0000000000000000       0x2c lib/syslog.o
 .comment       0x0000000000000000       0x2c lib/fork.o
 .comment       0x0000000000000000       0x2c lib/exit.o
 .comment       0x0000000000000000       0x2c lib/sleep.o
 .comment       0x0000000000000000       0x2c lib/wait.o
 .comment       0x0000000000000000       0x2c mm/main.o
 .comment       0x0000000000000000       0x2c mm/func.o
 .comment       0x0000000000000000       0x2c fs/main.o
 .comment       0x0000000000000000       0x2c fs/open.o
 .comment       0x0000000000000000       0x2c fs/misc.o
 .comment       0x0000000000000000       0x2c fs/read_write.o
 .comment       0x0000000000000000       0x2c fs/link.o
 .comment       0x0000000000000000       0x2c fs/disklog.o

.debug
 *(.debug)

.line
 *(.line)

.debug_srcinfo
 *(.debug_srcinfo)

.debug_sfnames
 *(.debug_sfnames)

.debug_aranges
 *(.debug_aranges)

.debug_pubnames
 *(.debug_pubnames)

.debug_info
 *(.debug_info .gnu.linkonce.wi.*)

.debug_abbrev
 *(.debug_abbrev)

.debug_line
 *(.debug_line .debug_line.* .debug_line_end)

.debug_frame
 *(.debug_frame)

.debug_str
 *(.debug_str)

.debug_loc
 *(.debug_loc)

.debug_macinfo
 *(.debug_macinfo)

.debug_weaknames
 *(.debug_weaknames)

.debug_funcnames
 *(.debug_funcnames)

.debug_typenames
 *(.debug_typenames)

.debug_varnames
 *(.debug_varnames)

.debug_pubtypes
 *(.debug_pubtypes)

.debug_ranges
 *(.debug_ranges)

.debug_macro
 *(.debug_macro)

.gnu.attributes
 *(.gnu.attributes)

/DISCARD/
 *(.note.GNU-stack)
 *(.gnu_debuglink)
 *(.gnu.lto_*)
OUTPUT(kernel.bin elf32-i386)
