
Allocating common symbols
Common symbol       size              file

idt_ptr             0x6               kernel/global.o
inode_table         0xb00             kernel/global.o
task_stack          0x40000           kernel/global.o
k_reenter           0x4               kernel/global.o
gdt                 0x400             kernel/global.o
current_console     0x4               kernel/global.o
pcaller             0x4               kernel/global.o
tty_table           0xc6c             kernel/global.o
tss                 0x68              kernel/global.o
tmpQP               0x24              kernel/main.o
fs_msg              0x30              kernel/global.o
memory_size         0x4               kernel/global.o
f_desc_table        0x400             kernel/global.o
root_inode          0x4               kernel/global.o
disp_pos            0x4               kernel/global.o
mm_msg              0x30              kernel/global.o
key_pressed         0x4               kernel/global.o
gdt_ptr             0x6               kernel/global.o
idt                 0x800             kernel/global.o
super_block         0x1e0             kernel/global.o
PARTITION_ENTRY     0x10              kernel/hd.o
ticks               0x4               kernel/global.o
States              0x14820           kernel/main.o
console_table       0x3c              kernel/global.o
irq_table           0x40              kernel/global.o
p_proc_ready        0x4               kernel/global.o
proc_table          0x283c            kernel/global.o

Discarded input sections

 .note.GNU-stack
                0x0000000000000000        0x0 kernel/start.o
 .note.GNU-stack
                0x0000000000000000        0x0 kernel/main.o
 .note.GNU-stack
                0x0000000000000000        0x0 kernel/clock.o
 .note.GNU-stack
                0x0000000000000000        0x0 kernel/keyboard.o
 .note.GNU-stack
                0x0000000000000000        0x0 kernel/tty.o
 .note.GNU-stack
                0x0000000000000000        0x0 kernel/console.o
 .note.GNU-stack
                0x0000000000000000        0x0 kernel/i8259.o
 .note.GNU-stack
                0x0000000000000000        0x0 kernel/global.o
 .note.GNU-stack
                0x0000000000000000        0x0 kernel/protect.o
 .note.GNU-stack
                0x0000000000000000        0x0 kernel/proc.o
 .note.GNU-stack
                0x0000000000000000        0x0 kernel/systask.o
 .note.GNU-stack
                0x0000000000000000        0x0 kernel/hd.o
 .note.GNU-stack
                0x0000000000000000        0x0 lib/printf.o
 .note.GNU-stack
                0x0000000000000000        0x0 lib/sl.o
 .note.GNU-stack
                0x0000000000000000        0x0 lib/vsprintf.o
 .note.GNU-stack
                0x0000000000000000        0x0 lib/klib.o
 .note.GNU-stack
                0x0000000000000000        0x0 lib/ls.o
 .note.GNU-stack
                0x0000000000000000        0x0 lib/misc.o
 .note.GNU-stack
                0x0000000000000000        0x0 lib/open.o
 .note.GNU-stack
                0x0000000000000000        0x0 lib/read.o
 .note.GNU-stack
                0x0000000000000000        0x0 lib/write.o
 .note.GNU-stack
                0x0000000000000000        0x0 lib/close.o
 .note.GNU-stack
                0x0000000000000000        0x0 lib/unlink.o
 .note.GNU-stack
                0x0000000000000000        0x0 lib/getpid.o
 .note.GNU-stack
                0x0000000000000000        0x0 lib/syslog.o
 .note.GNU-stack
                0x0000000000000000        0x0 lib/fork.o
 .note.GNU-stack
                0x0000000000000000        0x0 lib/exit.o
 .note.GNU-stack
                0x0000000000000000        0x0 lib/sleep.o
 .note.GNU-stack
                0x0000000000000000        0x0 lib/wait.o
 .note.GNU-stack
                0x0000000000000000        0x0 mm/main.o
 .note.GNU-stack
                0x0000000000000000        0x0 mm/func.o
 .note.GNU-stack
                0x0000000000000000        0x0 fs/main.o
 .note.GNU-stack
                0x0000000000000000        0x0 fs/open.o
 .note.GNU-stack
                0x0000000000000000        0x0 fs/misc.o
 .note.GNU-stack
                0x0000000000000000        0x0 fs/read_write.o
 .note.GNU-stack
                0x0000000000000000        0x0 fs/link.o
 .note.GNU-stack
                0x0000000000000000        0x0 fs/disklog.o

Memory Configuration

Name             Origin             Length             Attributes
*default*        0x0000000000000000 0xffffffffffffffff

Linker script and memory map

Address of section .text set to 0x1000
LOAD kernel/kernel.o
LOAD lib/syscall.o
LOAD kernel/start.o
LOAD kernel/main.o
LOAD kernel/clock.o
LOAD kernel/keyboard.o
LOAD kernel/tty.o
LOAD kernel/console.o
LOAD kernel/i8259.o
LOAD kernel/global.o
LOAD kernel/protect.o
LOAD kernel/proc.o
LOAD kernel/systask.o
LOAD kernel/hd.o
LOAD lib/printf.o
LOAD lib/sl.o
LOAD lib/vsprintf.o
LOAD lib/kliba.o
LOAD lib/klib.o
LOAD lib/string.o
LOAD lib/ls.o
LOAD lib/misc.o
LOAD lib/open.o
LOAD lib/read.o
LOAD lib/write.o
LOAD lib/close.o
LOAD lib/unlink.o
LOAD lib/getpid.o
LOAD lib/syslog.o
LOAD lib/fork.o
LOAD lib/exit.o
LOAD lib/sleep.o
LOAD lib/wait.o
LOAD mm/main.o
LOAD mm/func.o
LOAD fs/main.o
LOAD fs/open.o
LOAD fs/misc.o
LOAD fs/read_write.o
LOAD fs/link.o
LOAD fs/disklog.o
                0x0000000008048000                PROVIDE (__executable_start, 0x8048000)
                0x0000000008048094                . = (0x8048000 + SIZEOF_HEADERS)

.interp
 *(.interp)

.note.gnu.build-id
 *(.note.gnu.build-id)

.hash
 *(.hash)

.gnu.hash
 *(.gnu.hash)

.dynsym
 *(.dynsym)

.dynstr
 *(.dynstr)

.gnu.version
 *(.gnu.version)

.gnu.version_d
 *(.gnu.version_d)

.gnu.version_r
 *(.gnu.version_r)

.rel.dyn        0x0000000008048094        0x0
 *(.rel.init)
 *(.rel.text .rel.text.* .rel.gnu.linkonce.t.*)
 .rel.text      0x0000000000000000        0x0 kernel/kernel.o
 *(.rel.fini)
 *(.rel.rodata .rel.rodata.* .rel.gnu.linkonce.r.*)
 *(.rel.data.rel.ro .rel.data.rel.ro.* .rel.gnu.linkonce.d.rel.ro.*)
 *(.rel.data .rel.data.* .rel.gnu.linkonce.d.*)
 .rel.data      0x0000000000000000        0x0 kernel/kernel.o
 *(.rel.tdata .rel.tdata.* .rel.gnu.linkonce.td.*)
 *(.rel.tbss .rel.tbss.* .rel.gnu.linkonce.tb.*)
 *(.rel.ctors)
 *(.rel.dtors)
 *(.rel.got)
 *(.rel.bss .rel.bss.* .rel.gnu.linkonce.b.*)
 *(.rel.ifunc)

.rel.plt        0x0000000008048094        0x0
 *(.rel.plt)
                0x0000000008048094                PROVIDE (__rel_iplt_start, .)
 *(.rel.iplt)
 .rel.iplt      0x0000000000000000        0x0 kernel/kernel.o
                0x0000000008048094                PROVIDE (__rel_iplt_end, .)

.init
 *(SORT(.init))

.plt            0x00000000080480a0        0x0
 *(.plt)
 *(.iplt)
 .iplt          0x0000000000000000        0x0 kernel/kernel.o

.text           0x0000000000001000     0xe96b
 *(.text.unlikely .text.*_unlikely .text.unlikely.*)
 *(.text.exit .text.exit.*)
 *(.text.startup .text.startup.*)
 *(.text.hot .text.hot.*)
 *(.text .stub .text.* .gnu.linkonce.t.*)
 .text          0x0000000000001000      0x410 kernel/kernel.o
                0x0000000000001000                _start
                0x0000000000001040                hwint00
                0x0000000000001070                hwint01
                0x00000000000010a0                hwint02
                0x00000000000010d0                hwint03
                0x0000000000001100                hwint04
                0x0000000000001130                hwint05
                0x0000000000001160                hwint06
                0x0000000000001190                hwint07
                0x00000000000011c0                hwint08
                0x00000000000011f0                hwint09
                0x0000000000001220                hwint10
                0x0000000000001250                hwint11
                0x0000000000001280                hwint12
                0x00000000000012b0                hwint13
                0x00000000000012e0                hwint14
                0x0000000000001310                hwint15
                0x0000000000001334                divide_error
                0x000000000000133a                single_step_exception
                0x0000000000001340                nmi
                0x0000000000001346                breakpoint_exception
                0x000000000000134c                overflow
                0x0000000000001352                bounds_check
                0x0000000000001358                inval_opcode
                0x000000000000135e                copr_not_available
                0x0000000000001364                double_fault
                0x0000000000001368                copr_seg_overrun
                0x000000000000136e                inval_tss
                0x0000000000001372                segment_not_present
                0x0000000000001376                stack_exception
                0x000000000000137a                general_protection
                0x000000000000137e                page_fault
                0x0000000000001382                copr_error
                0x00000000000013cb                sys_call
                0x00000000000013eb                restart
 .text          0x0000000000001410       0x28 lib/syscall.o
                0x0000000000001410                sendrec
                0x000000000000142a                printx
 .text          0x0000000000001438       0x8e kernel/start.o
                0x0000000000001438                cstart
 .text          0x00000000000014c6     0x24b6 kernel/main.o
                0x00000000000014c6                kernel_main
                0x0000000000001812                nothing
                0x0000000000001817                Init_test
                0x000000000000194f                get_ticks
                0x0000000000001987                convert_to_absolute
                0x0000000000001a00                TestA
                0x0000000000002244                TestB
                0x0000000000002597                Init
                0x00000000000025f2                PrintQP
                0x00000000000026a7                IsWin
                0x000000000000286d                e_fun
                0x0000000000002c3e                AutoDone
                0x0000000000003215                UserInput
                0x000000000000332b                TestC
                0x000000000000333f                TTT
                0x000000000000349a                panic
                0x00000000000034ea                clear
                0x000000000000354f                help
                0x00000000000035f3                ProcessManage
                0x00000000000036b7                CreateFile
                0x000000000000375b                DeleteFile
                0x00000000000037c1                ReadFile
                0x000000000000387c                WriteFile
 .text          0x000000000000397c      0x115 kernel/clock.o
                0x000000000000397c                clock_handler
                0x00000000000039f4                milli_delay
                0x0000000000003a2d                init_clock
 .text          0x0000000000003a91      0x6cf kernel/keyboard.o
                0x0000000000003a91                keyboard_handler
                0x0000000000003af7                init_keyboard
                0x0000000000003ba6                keyboard_read
 .text          0x0000000000004160      0x9d3 kernel/tty.o
                0x0000000000004160                task_tty
                0x0000000000004314                in_process
                0x000000000000483a                sys_printx
                0x00000000000049dc                dump_tty_buf
 .text          0x0000000000004b33      0x7e1 kernel/console.o
                0x0000000000004b33                init_screen
                0x0000000000004ca4                out_char
                0x0000000000004f61                clear_screen
                0x0000000000004f9a                is_current_console
                0x0000000000004fbd                set_cursor
                0x0000000000005026                set_video_start_addr
                0x000000000000508f                select_console
                0x00000000000050ca                scroll_screen
                0x00000000000052ae                flush
 .text          0x0000000000005314      0x13c kernel/i8259.o
                0x0000000000005314                init_8259A
                0x0000000000005405                spurious_irq
                0x0000000000005430                put_irq_handler
 .text          0x0000000000005450        0x0 kernel/global.o
 .text          0x0000000000005450      0x842 kernel/protect.o
                0x0000000000005450                init_prot
                0x0000000000005aaa                seg2phys
                0x0000000000005af9                init_descriptor
                0x0000000000005b65                exception_handler
 .text          0x0000000000005c92     0x18d2 kernel/proc.o
                0x0000000000005c92                new_getpid
                0x0000000000005c9f                schedule
                0x0000000000005d2a                sys_sendrec
                0x0000000000005e89                ldt_seg_linear
                0x0000000000005ed3                va2la
                0x0000000000005f42                reset_msg
                0x0000000000006f15                inform_int
                0x00000000000070b7                dump_proc
                0x000000000000741d                dump_msg
 .text          0x0000000000007564       0x95 kernel/systask.o
                0x0000000000007564                task_sys
 .text          0x00000000000075f9      0xe9e kernel/hd.o
                0x00000000000075f9                task_hd
                0x0000000000008472                hd_handler
 .text          0x0000000000008497      0x167 lib/printf.o
                0x0000000000008497                printf
                0x0000000000008516                printi
                0x00000000000085bd                printl
 .text          0x00000000000085fe     0x1c0d lib/sl.o
                0x00000000000085fe                sl
 .text          0x000000000000a20b      0x318 lib/vsprintf.o
                0x000000000000a26e                vsprintf
                0x000000000000a4f9                sprintf
 *fill*         0x000000000000a523        0xd 
 .text          0x000000000000a530      0x19a lib/kliba.o
                0x000000000000a530                disp_str
                0x000000000000a56e                disp_color_str
                0x000000000000a5ad                out_byte
                0x000000000000a5b9                in_byte
                0x000000000000a5c3                port_read
                0x000000000000a5d6                port_write
                0x000000000000a5e9                disable_irq
                0x000000000000a61e                enable_irq
                0x000000000000a63d                disable_int
                0x000000000000a63f                enable_int
                0x000000000000a641                glitter
 .text          0x000000000000a6ca      0x348 lib/klib.o
                0x000000000000a6ca                get_boot_params
                0x000000000000a724                get_kernel_map
                0x000000000000a840                itoa
                0x000000000000a8eb                atoi
                0x000000000000a9a7                disp_int
                0x000000000000a9cc                delay
 *fill*         0x000000000000aa12        0xe 
 .text          0x000000000000aa20       0x9f lib/string.o
                0x000000000000aa20                memcpy
                0x000000000000aa49                memset
                0x000000000000aa6a                strcpy
                0x000000000000aa82                asm_strcat
                0x000000000000aaa9                strlen
 .text          0x000000000000aabf       0x48 lib/ls.o
                0x000000000000aabf                ls
 .text          0x000000000000ab07      0x288 lib/misc.o
                0x000000000000ab07                memcmp
                0x000000000000ab7d                strcmp
                0x000000000000abef                strcat
                0x000000000000ac4e                spin
                0x000000000000ac69                assertion_failure
                0x000000000000acaf                send_recv
 .text          0x000000000000ad8f       0x73 lib/open.o
                0x000000000000ad8f                open
 .text          0x000000000000ae02       0x3f lib/read.o
                0x000000000000ae02                read
 .text          0x000000000000ae41       0x3f lib/write.o
                0x000000000000ae41                write
 .text          0x000000000000ae80       0x33 lib/close.o
                0x000000000000ae80                close
 .text          0x000000000000aeb3       0x41 lib/unlink.o
                0x000000000000aeb3                unlink
 .text          0x000000000000aef4       0x59 lib/getpid.o
                0x000000000000aef4                getpid
 .text          0x000000000000af4d       0xdb lib/syslog.o
                0x000000000000af4d                syslog
 .text          0x000000000000b028       0x84 lib/fork.o
                0x000000000000b028                fork
 .text          0x000000000000b0ac        0x0 lib/exit.o
 .text          0x000000000000b0ac        0x0 lib/sleep.o
 .text          0x000000000000b0ac        0x0 lib/wait.o
 .text          0x000000000000b0ac      0x195 mm/main.o
                0x000000000000b0ea                task_mm
                0x000000000000b1d8                alloc_mem
                0x000000000000b237                free_mem
 .text          0x000000000000b241      0x58c mm/func.o
                0x000000000000b241                mm_fork
                0x000000000000b7be                mm_exit
                0x000000000000b7c8                mm_wait
 .text          0x000000000000b7cd      0xfe9 fs/main.o
                0x000000000000b7cd                task_fs
                0x000000000000c266                rw_sector
                0x000000000000c4a0                get_super_block
                0x000000000000c4e6                get_inode
                0x000000000000c654                put_inode
                0x000000000000c699                sync_inode
 .text          0x000000000000c7b6      0xd12 fs/open.o
                0x000000000000c7b6                do_open
                0x000000000000cc34                do_close
                0x000000000000cc8c                do_lseek
                0x000000000000d2e3                do_ls
 .text          0x000000000000d4c8      0x205 fs/misc.o
                0x000000000000d4c8                search_file
                0x000000000000d641                strip_path
 .text          0x000000000000d6cd      0x522 fs/read_write.o
                0x000000000000d6cd                do_rdwt
 .text          0x000000000000dbef      0x8f6 fs/link.o
                0x000000000000dbef                do_unlink
 .text          0x000000000000e4e5     0x1486 fs/disklog.o
                0x000000000000e4e5                do_disklog
                0x000000000000e590                disklog
                0x000000000000eb3a                dump_fd_graph
 *(.gnu.warning)

.fini
 *(SORT(.fini))
                0x000000000000f96b                PROVIDE (__etext, .)
                0x000000000000f96b                PROVIDE (_etext, .)
                0x000000000000f96b                PROVIDE (etext, .)

.rodata         0x000000000000f980     0x5ebf
 *(.rodata .rodata.* .gnu.linkonce.r.*)
 .rodata        0x000000000000f980       0x47 kernel/start.o
 *fill*         0x000000000000f9c7        0x1 
 .rodata        0x000000000000f9c8      0xabf kernel/main.o
                0x000000000000fea0                NO_BLANK
                0x000000000000fea4                TREE_DEPTH
                0x000000000000fea8                NIL
 *fill*         0x0000000000010487        0x1 
 .rodata        0x0000000000010488       0x64 kernel/keyboard.o
 .rodata        0x00000000000104ec      0x13c kernel/tty.o
 .rodata        0x0000000000010628       0x5b kernel/console.o
 .rodata        0x0000000000010683       0x11 kernel/i8259.o
 .rodata        0x0000000000010694        0x4 kernel/global.o
                0x0000000000010694                FSBUF_SIZE
 *fill*         0x0000000000010698        0x8 
 .rodata        0x00000000000106a0      0x580 kernel/protect.o
 .rodata        0x0000000000010c20      0x5da kernel/proc.o
 .rodata        0x00000000000111fa       0x17 kernel/systask.o
 *fill*         0x0000000000011211        0x3 
 .rodata        0x0000000000011214      0x1ba kernel/hd.o
 *fill*         0x00000000000113ce        0x2 
 .rodata        0x00000000000113d0       0x35 lib/printf.o
 *fill*         0x0000000000011405        0x3 
 .rodata        0x0000000000011408     0x33cb lib/sl.o
 .rodata        0x00000000000147d3       0x35 lib/klib.o
 .rodata        0x0000000000014808       0xae lib/misc.o
 .rodata        0x00000000000148b6       0x23 lib/open.o
 .rodata        0x00000000000148d9       0x25 lib/getpid.o
 .rodata        0x00000000000148fe       0x32 lib/syslog.o
 .rodata        0x0000000000014930       0x33 lib/fork.o
 *fill*         0x0000000000014963        0x1 
 .rodata        0x0000000000014964       0x8d mm/main.o
 *fill*         0x00000000000149f1        0x3 
 .rodata        0x00000000000149f4      0x179 mm/func.o
 *fill*         0x0000000000014b6d        0x3 
 .rodata        0x0000000000014b70      0x21e fs/main.o
 *fill*         0x0000000000014d8e        0x2 
 .rodata        0x0000000000014d90      0x181 fs/open.o
 *fill*         0x0000000000014f11        0x3 
 .rodata        0x0000000000014f14      0x164 fs/read_write.o
 .rodata        0x0000000000015078      0x19d fs/link.o
 *fill*         0x0000000000015215        0x3 
 .rodata        0x0000000000015218      0x627 fs/disklog.o

.rodata1
 *(.rodata1)

.eh_frame_hdr
 *(.eh_frame_hdr)

.eh_frame       0x0000000000015840     0x14ac
 *(.eh_frame)
 .eh_frame      0x0000000000015840       0x38 kernel/start.o
 .eh_frame      0x0000000000015878      0x320 kernel/main.o
                                        0x338 (size before relaxing)
 .eh_frame      0x0000000000015b98       0x60 kernel/clock.o
                                         0x78 (size before relaxing)
 .eh_frame      0x0000000000015bf8       0xe0 kernel/keyboard.o
                                         0xf8 (size before relaxing)
 .eh_frame      0x0000000000015cd8      0x13c kernel/tty.o
                                        0x154 (size before relaxing)
 .eh_frame      0x0000000000015e14      0x148 kernel/console.o
                                        0x160 (size before relaxing)
 .eh_frame      0x0000000000015f5c       0x60 kernel/i8259.o
                                         0x78 (size before relaxing)
 .eh_frame      0x0000000000015fbc       0xb0 kernel/protect.o
                                         0xc8 (size before relaxing)
 .eh_frame      0x000000000001606c      0x1e0 kernel/proc.o
                                        0x1f8 (size before relaxing)
 .eh_frame      0x000000000001624c       0x1c kernel/systask.o
                                         0x34 (size before relaxing)
 .eh_frame      0x0000000000016268      0x210 kernel/hd.o
                                        0x228 (size before relaxing)
 .eh_frame      0x0000000000016478       0x60 lib/printf.o
                                         0x78 (size before relaxing)
 .eh_frame      0x00000000000164d8       0x20 lib/sl.o
                                         0x38 (size before relaxing)
 .eh_frame      0x00000000000164f8       0x68 lib/vsprintf.o
                                         0x80 (size before relaxing)
 .eh_frame      0x0000000000016560       0xc0 lib/klib.o
                                         0xd8 (size before relaxing)
 .eh_frame      0x0000000000016620       0x20 lib/ls.o
                                         0x38 (size before relaxing)
 .eh_frame      0x0000000000016640       0xbc lib/misc.o
                                         0xd4 (size before relaxing)
 .eh_frame      0x00000000000166fc       0x20 lib/open.o
                                         0x38 (size before relaxing)
 .eh_frame      0x000000000001671c       0x20 lib/read.o
                                         0x38 (size before relaxing)
 .eh_frame      0x000000000001673c       0x20 lib/write.o
                                         0x38 (size before relaxing)
 .eh_frame      0x000000000001675c       0x20 lib/close.o
                                         0x38 (size before relaxing)
 .eh_frame      0x000000000001677c       0x20 lib/unlink.o
                                         0x38 (size before relaxing)
 .eh_frame      0x000000000001679c       0x20 lib/getpid.o
                                         0x38 (size before relaxing)
 .eh_frame      0x00000000000167bc       0x20 lib/syslog.o
                                         0x38 (size before relaxing)
 .eh_frame      0x00000000000167dc       0x20 lib/fork.o
                                         0x38 (size before relaxing)
 .eh_frame      0x00000000000167fc       0x7c mm/main.o
                                         0x94 (size before relaxing)
 .eh_frame      0x0000000000016878       0x90 mm/func.o
                                         0xa8 (size before relaxing)
 .eh_frame      0x0000000000016908      0x174 fs/main.o
                                        0x18c (size before relaxing)
 .eh_frame      0x0000000000016a7c      0x150 fs/open.o
                                        0x168 (size before relaxing)
 .eh_frame      0x0000000000016bcc       0x48 fs/misc.o
                                         0x60 (size before relaxing)
 .eh_frame      0x0000000000016c14       0x2c fs/read_write.o
                                         0x44 (size before relaxing)
 .eh_frame      0x0000000000016c40       0x2c fs/link.o
                                         0x44 (size before relaxing)
 .eh_frame      0x0000000000016c6c       0x80 fs/disklog.o
                                         0x98 (size before relaxing)

.gcc_except_table
 *(.gcc_except_table .gcc_except_table.*)

.exception_ranges
 *(.exception_ranges .exception_ranges*)
                0x0000000000016cec                . = (ALIGN (0x1000) - ((0x1000 - .) & 0xfff))
                0x0000000000017000                . = DATA_SEGMENT_ALIGN (0x1000, 0x1000)

.eh_frame
 *(.eh_frame)

.gcc_except_table
 *(.gcc_except_table .gcc_except_table.*)

.exception_ranges
 *(.exception_ranges .exception_ranges*)

.tdata
 *(.tdata .tdata.* .gnu.linkonce.td.*)

.tbss
 *(.tbss .tbss.* .gnu.linkonce.tb.*)
 *(.tcommon)

.preinit_array  0x0000000000017000        0x0
                0x0000000000017000                PROVIDE (__preinit_array_start, .)
 *(.preinit_array)
                0x0000000000017000                PROVIDE (__preinit_array_end, .)

.init_array     0x0000000000017000        0x0
                0x0000000000017000                PROVIDE (__init_array_start, .)
 *(SORT(.init_array.*) SORT(.ctors.*))
 *(.init_array EXCLUDE_FILE(*crtend?.o *crtend.o *crtbegin?.o *crtbegin.o) .ctors)
                0x0000000000017000                PROVIDE (__init_array_end, .)

.fini_array     0x0000000000017000        0x0
                0x0000000000017000                PROVIDE (__fini_array_start, .)
 *(SORT(.fini_array.*) SORT(.dtors.*))
 *(.fini_array EXCLUDE_FILE(*crtend?.o *crtend.o *crtbegin?.o *crtbegin.o) .dtors)
                0x0000000000017000                PROVIDE (__fini_array_end, .)

.ctors
 *crtbegin.o(.ctors)
 *crtbegin?.o(.ctors)
 *(EXCLUDE_FILE(*crtend?.o *crtend.o) .ctors)
 *(SORT(.ctors.*))
 *(.ctors)

.dtors
 *crtbegin.o(.dtors)
 *crtbegin?.o(.dtors)
 *(EXCLUDE_FILE(*crtend?.o *crtend.o) .dtors)
 *(SORT(.dtors.*))
 *(.dtors)

.jcr
 *(.jcr)

.data.rel.ro
 *(.data.rel.ro.local* .gnu.linkonce.d.rel.ro.local.*)
 *(.data.rel.ro .data.rel.ro.* .gnu.linkonce.d.rel.ro.*)

.dynamic
 *(.dynamic)

.got
 *(.got)
 *(.igot)
                0x0000000000017000                . = DATA_SEGMENT_RELRO_END (., (SIZEOF (.got.plt) >= 0xc)?0xc:0x0)

.got.plt        0x0000000000017000        0x0
 *(.got.plt)
 *(.igot.plt)
 .igot.plt      0x0000000000000000        0x0 kernel/kernel.o

.data           0x0000000000017000      0x7e0
 *(.data .data.* .gnu.linkonce.d.*)
 .data          0x0000000000017000        0x2 kernel/kernel.o
 .data          0x0000000000017002        0x0 kernel/start.o
 .data          0x0000000000017002        0x0 kernel/main.o
 .data          0x0000000000017002        0x0 kernel/clock.o
 *fill*         0x0000000000017002       0x1e 
 .data          0x0000000000017020      0x600 kernel/keyboard.o
                0x0000000000017020                keymap
 .data          0x0000000000017620       0x22 kernel/tty.o
 .data          0x0000000000017642        0x0 kernel/console.o
 .data          0x0000000000017642        0x0 kernel/i8259.o
 *fill*         0x0000000000017642       0x1e 
 .data          0x0000000000017660      0x180 kernel/global.o
                0x0000000000017660                task_table
                0x0000000000017740                user_proc_table
                0x00000000000177b8                sys_call_table
                0x00000000000177c4                dd_map
                0x00000000000177dc                fsbuf
 .data          0x00000000000177e0        0x0 kernel/protect.o
 .data          0x00000000000177e0        0x0 kernel/proc.o
 .data          0x00000000000177e0        0x0 kernel/systask.o
 .data          0x00000000000177e0        0x0 kernel/hd.o
 .data          0x00000000000177e0        0x0 lib/printf.o
 .data          0x00000000000177e0        0x0 lib/sl.o
 .data          0x00000000000177e0        0x0 lib/vsprintf.o
 .data          0x00000000000177e0        0x0 lib/klib.o
 .data          0x00000000000177e0        0x0 lib/ls.o
 .data          0x00000000000177e0        0x0 lib/misc.o
 .data          0x00000000000177e0        0x0 lib/open.o
 .data          0x00000000000177e0        0x0 lib/read.o
 .data          0x00000000000177e0        0x0 lib/write.o
 .data          0x00000000000177e0        0x0 lib/close.o
 .data          0x00000000000177e0        0x0 lib/unlink.o
 .data          0x00000000000177e0        0x0 lib/getpid.o
 .data          0x00000000000177e0        0x0 lib/syslog.o
 .data          0x00000000000177e0        0x0 lib/fork.o
 .data          0x00000000000177e0        0x0 lib/exit.o
 .data          0x00000000000177e0        0x0 lib/sleep.o
 .data          0x00000000000177e0        0x0 lib/wait.o
 .data          0x00000000000177e0        0x0 mm/main.o
 .data          0x00000000000177e0        0x0 mm/func.o
 .data          0x00000000000177e0        0x0 fs/main.o
 .data          0x00000000000177e0        0x0 fs/open.o
 .data          0x00000000000177e0        0x0 fs/misc.o
 .data          0x00000000000177e0        0x0 fs/read_write.o
 .data          0x00000000000177e0        0x0 fs/link.o
 .data          0x00000000000177e0        0x0 fs/disklog.o

.data1
 *(.data1)
                0x00000000000177e0                _edata = .
                0x00000000000177e0                PROVIDE (edata, .)
                0x00000000000177e0                . = .
                0x00000000000177e0                __bss_start = .

.bss            0x00000000000177e0    0x5ad4c
 *(.dynbss)
 *(.bss .bss.* .gnu.linkonce.b.*)
 .bss           0x00000000000177e0      0x800 kernel/kernel.o
 .bss           0x0000000000017fe0        0x0 kernel/start.o
 .bss           0x0000000000017fe0        0x4 kernel/main.o
 .bss           0x0000000000017fe4        0x0 kernel/clock.o
 *fill*         0x0000000000017fe4       0x1c 
 .bss           0x0000000000018000       0x58 kernel/keyboard.o
 .bss           0x0000000000018058        0x0 kernel/tty.o
 .bss           0x0000000000018058        0x0 kernel/console.o
 .bss           0x0000000000018058        0x0 kernel/i8259.o
 .bss           0x0000000000018058        0x0 kernel/global.o
 .bss           0x0000000000018058        0x0 kernel/protect.o
 .bss           0x0000000000018058        0x0 kernel/proc.o
 .bss           0x0000000000018058        0x0 kernel/systask.o
 *fill*         0x0000000000018058        0x8 
 .bss           0x0000000000018060      0x64c kernel/hd.o
 .bss           0x00000000000186ac        0x0 lib/printf.o
 .bss           0x00000000000186ac        0x0 lib/sl.o
 .bss           0x00000000000186ac        0x0 lib/vsprintf.o
 .bss           0x00000000000186ac        0x0 lib/klib.o
 .bss           0x00000000000186ac        0x0 lib/ls.o
 .bss           0x00000000000186ac        0x0 lib/misc.o
 .bss           0x00000000000186ac        0x0 lib/open.o
 .bss           0x00000000000186ac        0x0 lib/read.o
 .bss           0x00000000000186ac        0x0 lib/write.o
 .bss           0x00000000000186ac        0x0 lib/close.o
 .bss           0x00000000000186ac        0x0 lib/unlink.o
 .bss           0x00000000000186ac        0x0 lib/getpid.o
 .bss           0x00000000000186ac        0x0 lib/syslog.o
 .bss           0x00000000000186ac        0x0 lib/fork.o
 .bss           0x00000000000186ac        0x0 lib/exit.o
 .bss           0x00000000000186ac        0x0 lib/sleep.o
 .bss           0x00000000000186ac        0x0 lib/wait.o
 .bss           0x00000000000186ac        0x0 mm/main.o
 .bss           0x00000000000186ac        0x0 mm/func.o
 .bss           0x00000000000186ac        0x0 fs/main.o
 .bss           0x00000000000186ac        0x0 fs/open.o
 .bss           0x00000000000186ac        0x0 fs/misc.o
 .bss           0x00000000000186ac        0x0 fs/read_write.o
 .bss           0x00000000000186ac        0x0 fs/link.o
 *fill*         0x00000000000186ac       0x14 
 .bss           0x00000000000186c0      0x208 fs/disklog.o
 *(COMMON)
 *fill*         0x00000000000188c8       0x18 
 COMMON         0x00000000000188e0    0x14860 kernel/main.o
                0x00000000000188e0                tmpQP
                0x0000000000018920                States
 COMMON         0x000000000002d140    0x453dc kernel/global.o
                0x000000000002d140                idt_ptr
                0x000000000002d160                inode_table
                0x000000000002dc60                task_stack
                0x000000000006dc60                k_reenter
                0x000000000006dc80                gdt
                0x000000000006e080                current_console
                0x000000000006e084                pcaller
                0x000000000006e0a0                tty_table
                0x000000000006ed20                tss
                0x000000000006eda0                fs_msg
                0x000000000006edd0                memory_size
                0x000000000006ede0                f_desc_table
                0x000000000006f1e0                root_inode
                0x000000000006f1e4                disp_pos
                0x000000000006f200                mm_msg
                0x000000000006f230                key_pressed
                0x000000000006f234                gdt_ptr
                0x000000000006f240                idt
                0x000000000006fa40                super_block
                0x000000000006fc20                ticks
                0x000000000006fc40                console_table
                0x000000000006fc80                irq_table
                0x000000000006fcc0                p_proc_ready
                0x000000000006fce0                proc_table
 COMMON         0x000000000007251c       0x10 kernel/hd.o
                0x000000000007251c                PARTITION_ENTRY
                0x000000000007252c                . = ALIGN ((. != 0x0)?0x4:0x1)
                0x000000000007252c                . = ALIGN (0x4)
                0x000000000007252c                . = SEGMENT_START ("ldata-segment", .)
                0x000000000007252c                . = ALIGN (0x4)
                0x000000000007252c                _end = .
                0x000000000007252c                PROVIDE (end, .)
                0x000000000007252c                . = DATA_SEGMENT_END (.)

.stab
 *(.stab)

.stabstr
 *(.stabstr)

.stab.excl
 *(.stab.excl)

.stab.exclstr
 *(.stab.exclstr)

.stab.index
 *(.stab.index)

.stab.indexstr
 *(.stab.indexstr)

.comment        0x0000000000000000       0x2b
 *(.comment)
 .comment       0x0000000000000000       0x2b kernel/start.o
                                         0x2c (size before relaxing)
 .comment       0x0000000000000000       0x2c kernel/main.o
 .comment       0x0000000000000000       0x2c kernel/clock.o
 .comment       0x0000000000000000       0x2c kernel/keyboard.o
 .comment       0x0000000000000000       0x2c kernel/tty.o
 .comment       0x0000000000000000       0x2c kernel/console.o
 .comment       0x0000000000000000       0x2c kernel/i8259.o
 .comment       0x0000000000000000       0x2c kernel/global.o
 .comment       0x0000000000000000       0x2c kernel/protect.o
 .comment       0x0000000000000000       0x2c kernel/proc.o
 .comment       0x0000000000000000       0x2c kernel/systask.o
 .comment       0x0000000000000000       0x2c kernel/hd.o
 .comment       0x0000000000000000       0x2c lib/printf.o
 .comment       0x0000000000000000       0x2c lib/sl.o
 .comment       0x0000000000000000       0x2c lib/vsprintf.o
 .comment       0x0000000000000000       0x2c lib/klib.o
 .comment       0x0000000000000000       0x2c lib/ls.o
 .comment       0x0000000000000000       0x2c lib/misc.o
 .comment       0x0000000000000000       0x2c lib/open.o
 .comment       0x0000000000000000       0x2c lib/read.o
 .comment       0x0000000000000000       0x2c lib/write.o
 .comment       0x0000000000000000       0x2c lib/close.o
 .comment       0x0000000000000000       0x2c lib/unlink.o
 .comment       0x0000000000000000       0x2c lib/getpid.o
 .comment       0x0000000000000000       0x2c lib/syslog.o
 .comment       0x0000000000000000       0x2c lib/fork.o
 .comment       0x0000000000000000       0x2c lib/exit.o
 .comment       0x0000000000000000       0x2c lib/sleep.o
 .comment       0x0000000000000000       0x2c lib/wait.o
 .comment       0x0000000000000000       0x2c mm/main.o
 .comment       0x0000000000000000       0x2c mm/func.o
 .comment       0x0000000000000000       0x2c fs/main.o
 .comment       0x0000000000000000       0x2c fs/open.o
 .comment       0x0000000000000000       0x2c fs/misc.o
 .comment       0x0000000000000000       0x2c fs/read_write.o
 .comment       0x0000000000000000       0x2c fs/link.o
 .comment       0x0000000000000000       0x2c fs/disklog.o

.debug
 *(.debug)

.line
 *(.line)

.debug_srcinfo
 *(.debug_srcinfo)

.debug_sfnames
 *(.debug_sfnames)

.debug_aranges
 *(.debug_aranges)

.debug_pubnames
 *(.debug_pubnames)

.debug_info
 *(.debug_info .gnu.linkonce.wi.*)

.debug_abbrev
 *(.debug_abbrev)

.debug_line
 *(.debug_line .debug_line.* .debug_line_end)

.debug_frame
 *(.debug_frame)

.debug_str
 *(.debug_str)

.debug_loc
 *(.debug_loc)

.debug_macinfo
 *(.debug_macinfo)

.debug_weaknames
 *(.debug_weaknames)

.debug_funcnames
 *(.debug_funcnames)

.debug_typenames
 *(.debug_typenames)

.debug_varnames
 *(.debug_varnames)

.debug_pubtypes
 *(.debug_pubtypes)

.debug_ranges
 *(.debug_ranges)

.debug_macro
 *(.debug_macro)

.gnu.attributes
 *(.gnu.attributes)

/DISCARD/
 *(.note.GNU-stack)
 *(.gnu_debuglink)
 *(.gnu.lto_*)
OUTPUT(kernel.bin elf32-i386)
