
Allocating common symbols
Common symbol       size              file

idt_ptr             0x6               kernel/global.o
inode_table         0x2000            kernel/global.o
task_stack          0x40000           kernel/global.o
k_reenter           0x4               kernel/global.o
gdt                 0x400             kernel/global.o
current_console     0x4               kernel/global.o
pcaller             0x4               kernel/global.o
tty_table           0xc6c             kernel/global.o
tss                 0x68              kernel/global.o
tmpQP               0x24              game/TTT.o
fs_msg              0x30              kernel/global.o
memory_size         0x4               kernel/global.o
f_desc_table        0x400             kernel/global.o
root_inode          0x4               kernel/global.o
disp_pos            0x4               kernel/global.o
mm_msg              0x30              kernel/global.o
key_pressed         0x4               kernel/global.o
gdt_ptr             0x6               kernel/global.o
idt                 0x800             kernel/global.o
super_block         0x1e0             kernel/global.o
PARTITION_ENTRY     0x10              kernel/hd.o
ticks               0x4               kernel/global.o
States              0x14820           game/TTT.o
console_table       0x3c              kernel/global.o
irq_table           0x40              kernel/global.o
p_proc_ready        0x4               kernel/global.o
proc_table          0x283c            kernel/global.o

Discarded input sections

 .note.GNU-stack
                0x0000000000000000        0x0 kernel/start.o
 .note.GNU-stack
                0x0000000000000000        0x0 kernel/main.o
 .note.GNU-stack
                0x0000000000000000        0x0 kernel/clock.o
 .note.GNU-stack
                0x0000000000000000        0x0 kernel/keyboard.o
 .note.GNU-stack
                0x0000000000000000        0x0 kernel/tty.o
 .note.GNU-stack
                0x0000000000000000        0x0 kernel/console.o
 .note.GNU-stack
                0x0000000000000000        0x0 kernel/i8259.o
 .note.GNU-stack
                0x0000000000000000        0x0 kernel/global.o
 .note.GNU-stack
                0x0000000000000000        0x0 kernel/protect.o
 .note.GNU-stack
                0x0000000000000000        0x0 kernel/proc.o
 .note.GNU-stack
                0x0000000000000000        0x0 kernel/systask.o
 .note.GNU-stack
                0x0000000000000000        0x0 kernel/hd.o
 .note.GNU-stack
                0x0000000000000000        0x0 game/TTT.o
 .note.GNU-stack
                0x0000000000000000        0x0 lib/printf.o
 .note.GNU-stack
                0x0000000000000000        0x0 lib/sl.o
 .note.GNU-stack
                0x0000000000000000        0x0 lib/vsprintf.o
 .note.GNU-stack
                0x0000000000000000        0x0 lib/klib.o
 .note.GNU-stack
                0x0000000000000000        0x0 lib/ls.o
 .note.GNU-stack
                0x0000000000000000        0x0 lib/mkdir.o
 .note.GNU-stack
                0x0000000000000000        0x0 lib/misc.o
 .note.GNU-stack
                0x0000000000000000        0x0 lib/open.o
 .note.GNU-stack
                0x0000000000000000        0x0 lib/read.o
 .note.GNU-stack
                0x0000000000000000        0x0 lib/write.o
 .note.GNU-stack
                0x0000000000000000        0x0 lib/close.o
 .note.GNU-stack
                0x0000000000000000        0x0 lib/unlink.o
 .note.GNU-stack
                0x0000000000000000        0x0 lib/getpid.o
 .note.GNU-stack
                0x0000000000000000        0x0 lib/syslog.o
 .note.GNU-stack
                0x0000000000000000        0x0 lib/fork.o
 .note.GNU-stack
                0x0000000000000000        0x0 lib/exit.o
 .note.GNU-stack
                0x0000000000000000        0x0 lib/sleep.o
 .note.GNU-stack
                0x0000000000000000        0x0 lib/wait.o
 .note.GNU-stack
                0x0000000000000000        0x0 mm/main.o
 .note.GNU-stack
                0x0000000000000000        0x0 mm/func.o
 .note.GNU-stack
                0x0000000000000000        0x0 fs/main.o
 .note.GNU-stack
                0x0000000000000000        0x0 fs/open.o
 .note.GNU-stack
                0x0000000000000000        0x0 fs/misc.o
 .note.GNU-stack
                0x0000000000000000        0x0 fs/read_write.o
 .note.GNU-stack
                0x0000000000000000        0x0 fs/link.o
 .note.GNU-stack
                0x0000000000000000        0x0 fs/disklog.o

Memory Configuration

Name             Origin             Length             Attributes
*default*        0x0000000000000000 0xffffffffffffffff

Linker script and memory map

Address of section .text set to 0x1000
LOAD kernel/kernel.o
LOAD lib/syscall.o
LOAD kernel/start.o
LOAD kernel/main.o
LOAD kernel/clock.o
LOAD kernel/keyboard.o
LOAD kernel/tty.o
LOAD kernel/console.o
LOAD kernel/i8259.o
LOAD kernel/global.o
LOAD kernel/protect.o
LOAD kernel/proc.o
LOAD kernel/systask.o
LOAD kernel/hd.o
LOAD game/TTT.o
LOAD lib/printf.o
LOAD lib/sl.o
LOAD lib/vsprintf.o
LOAD lib/kliba.o
LOAD lib/klib.o
LOAD lib/string.o
LOAD lib/ls.o
LOAD lib/mkdir.o
LOAD lib/misc.o
LOAD lib/open.o
LOAD lib/read.o
LOAD lib/write.o
LOAD lib/close.o
LOAD lib/unlink.o
LOAD lib/getpid.o
LOAD lib/syslog.o
LOAD lib/fork.o
LOAD lib/exit.o
LOAD lib/sleep.o
LOAD lib/wait.o
LOAD mm/main.o
LOAD mm/func.o
LOAD fs/main.o
LOAD fs/open.o
LOAD fs/misc.o
LOAD fs/read_write.o
LOAD fs/link.o
LOAD fs/disklog.o
                0x0000000008048000                PROVIDE (__executable_start, 0x8048000)
                0x0000000008048094                . = (0x8048000 + SIZEOF_HEADERS)

.interp
 *(.interp)

.note.gnu.build-id
 *(.note.gnu.build-id)

.hash
 *(.hash)

.gnu.hash
 *(.gnu.hash)

.dynsym
 *(.dynsym)

.dynstr
 *(.dynstr)

.gnu.version
 *(.gnu.version)

.gnu.version_d
 *(.gnu.version_d)

.gnu.version_r
 *(.gnu.version_r)

.rel.dyn        0x0000000008048094        0x0
 *(.rel.init)
 *(.rel.text .rel.text.* .rel.gnu.linkonce.t.*)
 .rel.text      0x0000000000000000        0x0 kernel/kernel.o
 *(.rel.fini)
 *(.rel.rodata .rel.rodata.* .rel.gnu.linkonce.r.*)
 *(.rel.data.rel.ro .rel.data.rel.ro.* .rel.gnu.linkonce.d.rel.ro.*)
 *(.rel.data .rel.data.* .rel.gnu.linkonce.d.*)
 .rel.data      0x0000000000000000        0x0 kernel/kernel.o
 *(.rel.tdata .rel.tdata.* .rel.gnu.linkonce.td.*)
 *(.rel.tbss .rel.tbss.* .rel.gnu.linkonce.tb.*)
 *(.rel.ctors)
 *(.rel.dtors)
 *(.rel.got)
 *(.rel.bss .rel.bss.* .rel.gnu.linkonce.b.*)
 *(.rel.ifunc)

.rel.plt        0x0000000008048094        0x0
 *(.rel.plt)
                0x0000000008048094                PROVIDE (__rel_iplt_start, .)
 *(.rel.iplt)
 .rel.iplt      0x0000000000000000        0x0 kernel/kernel.o
                0x0000000008048094                PROVIDE (__rel_iplt_end, .)

.init
 *(SORT(.init))

.plt            0x00000000080480a0        0x0
 *(.plt)
 *(.iplt)
 .iplt          0x0000000000000000        0x0 kernel/kernel.o

.text           0x0000000000001000     0xf18b
 *(.text.unlikely .text.*_unlikely .text.unlikely.*)
 *(.text.exit .text.exit.*)
 *(.text.startup .text.startup.*)
 *(.text.hot .text.hot.*)
 *(.text .stub .text.* .gnu.linkonce.t.*)
 .text          0x0000000000001000      0x410 kernel/kernel.o
                0x0000000000001000                _start
                0x0000000000001040                hwint00
                0x0000000000001070                hwint01
                0x00000000000010a0                hwint02
                0x00000000000010d0                hwint03
                0x0000000000001100                hwint04
                0x0000000000001130                hwint05
                0x0000000000001160                hwint06
                0x0000000000001190                hwint07
                0x00000000000011c0                hwint08
                0x00000000000011f0                hwint09
                0x0000000000001220                hwint10
                0x0000000000001250                hwint11
                0x0000000000001280                hwint12
                0x00000000000012b0                hwint13
                0x00000000000012e0                hwint14
                0x0000000000001310                hwint15
                0x0000000000001334                divide_error
                0x000000000000133a                single_step_exception
                0x0000000000001340                nmi
                0x0000000000001346                breakpoint_exception
                0x000000000000134c                overflow
                0x0000000000001352                bounds_check
                0x0000000000001358                inval_opcode
                0x000000000000135e                copr_not_available
                0x0000000000001364                double_fault
                0x0000000000001368                copr_seg_overrun
                0x000000000000136e                inval_tss
                0x0000000000001372                segment_not_present
                0x0000000000001376                stack_exception
                0x000000000000137a                general_protection
                0x000000000000137e                page_fault
                0x0000000000001382                copr_error
                0x00000000000013cb                sys_call
                0x00000000000013eb                restart
 .text          0x0000000000001410       0x28 lib/syscall.o
                0x0000000000001410                sendrec
                0x000000000000142a                printx
 .text          0x0000000000001438       0x8e kernel/start.o
                0x0000000000001438                cstart
 .text          0x00000000000014c6     0x1e97 kernel/main.o
                0x00000000000014c6                rand2048
                0x00000000000014ed                srand2048
                0x00000000000014fa                start2048Game
                0x00000000000015fb                morge2048
                0x00000000000018fd                printNums2048
                0x00000000000019b7                isAlive2048
                0x00000000000019e4                canEliminate2048
                0x0000000000001aad                zeroNum2048
                0x0000000000001b03                addrandom2048
                0x0000000000001ba2                move2048
                0x0000000000001c60                merge2048
                0x0000000000001d0a                initData
                0x0000000000001d9f                kernel_main
                0x00000000000020eb                nothing
                0x00000000000020f0                Init_test
                0x0000000000002228                get_ticks
                0x0000000000002260                convert_to_absolute
                0x00000000000022e4                TestA
                0x0000000000002bcf                TestB
                0x0000000000002d34                TestC
                0x0000000000002d48                panic
                0x0000000000002d98                clear
                0x0000000000002dfd                help
                0x0000000000002ec5                ProcessManage
                0x0000000000002f89                CreateFile
                0x000000000000302d                DeleteFile
                0x0000000000003093                ReadFile
                0x000000000000314e                WriteFile
                0x000000000000324e                CreateDir
                0x0000000000003283                GoDir
 .text          0x000000000000335d      0x115 kernel/clock.o
                0x000000000000335d                clock_handler
                0x00000000000033d5                milli_delay
                0x000000000000340e                init_clock
 .text          0x0000000000003472      0x6cf kernel/keyboard.o
                0x0000000000003472                keyboard_handler
                0x00000000000034d8                init_keyboard
                0x0000000000003587                keyboard_read
 .text          0x0000000000003b41      0x9d3 kernel/tty.o
                0x0000000000003b41                task_tty
                0x0000000000003cf5                in_process
                0x000000000000421b                sys_printx
                0x00000000000043bd                dump_tty_buf
 .text          0x0000000000004514      0x7e1 kernel/console.o
                0x0000000000004514                init_screen
                0x0000000000004685                out_char
                0x0000000000004942                clear_screen
                0x000000000000497b                is_current_console
                0x000000000000499e                set_cursor
                0x0000000000004a07                set_video_start_addr
                0x0000000000004a70                select_console
                0x0000000000004aab                scroll_screen
                0x0000000000004c8f                flush
 .text          0x0000000000004cf5      0x13c kernel/i8259.o
                0x0000000000004cf5                init_8259A
                0x0000000000004de6                spurious_irq
                0x0000000000004e11                put_irq_handler
 .text          0x0000000000004e31        0x0 kernel/global.o
 .text          0x0000000000004e31      0x842 kernel/protect.o
                0x0000000000004e31                init_prot
                0x000000000000548b                seg2phys
                0x00000000000054da                init_descriptor
                0x0000000000005546                exception_handler
 .text          0x0000000000005673     0x18d2 kernel/proc.o
                0x0000000000005673                new_getpid
                0x0000000000005680                schedule
                0x000000000000570b                sys_sendrec
                0x000000000000586a                ldt_seg_linear
                0x00000000000058b4                va2la
                0x0000000000005923                reset_msg
                0x00000000000068f6                inform_int
                0x0000000000006a98                dump_proc
                0x0000000000006dfe                dump_msg
 .text          0x0000000000006f45       0x95 kernel/systask.o
                0x0000000000006f45                task_sys
 .text          0x0000000000006fda      0xe9e kernel/hd.o
                0x0000000000006fda                task_hd
                0x0000000000007e53                hd_handler
 .text          0x0000000000007e78      0xeef game/TTT.o
                0x0000000000007e78                Init
                0x0000000000007ed3                PrintQP
                0x0000000000007f88                IsWin
                0x000000000000814e                e_fun
                0x000000000000851f                AutoDone
                0x0000000000008af6                UserInput
                0x0000000000008c0c                TTT
 .text          0x0000000000008d67      0x167 lib/printf.o
                0x0000000000008d67                printf
                0x0000000000008de6                printi
                0x0000000000008e8d                printl
 .text          0x0000000000008ece     0x180d lib/sl.o
                0x0000000000008ece                sl
 .text          0x000000000000a6db      0x318 lib/vsprintf.o
                0x000000000000a73e                vsprintf
                0x000000000000a9c9                sprintf
 *fill*         0x000000000000a9f3        0xd 
 .text          0x000000000000aa00      0x19a lib/kliba.o
                0x000000000000aa00                disp_str
                0x000000000000aa3e                disp_color_str
                0x000000000000aa7d                out_byte
                0x000000000000aa89                in_byte
                0x000000000000aa93                port_read
                0x000000000000aaa6                port_write
                0x000000000000aab9                disable_irq
                0x000000000000aaee                enable_irq
                0x000000000000ab0d                disable_int
                0x000000000000ab0f                enable_int
                0x000000000000ab11                glitter
 .text          0x000000000000ab9a      0x348 lib/klib.o
                0x000000000000ab9a                get_boot_params
                0x000000000000abf4                get_kernel_map
                0x000000000000ad10                itoa
                0x000000000000adbb                atoi
                0x000000000000ae77                disp_int
                0x000000000000ae9c                delay
 *fill*         0x000000000000aee2        0xe 
 .text          0x000000000000aef0       0x9f lib/string.o
                0x000000000000aef0                memcpy
                0x000000000000af19                memset
                0x000000000000af3a                strcpy
                0x000000000000af52                asm_strcat
                0x000000000000af79                strlen
 .text          0x000000000000af8f       0x48 lib/ls.o
                0x000000000000af8f                ls
 .text          0x000000000000afd7       0x48 lib/mkdir.o
                0x000000000000afd7                mkdir
 .text          0x000000000000b01f      0x288 lib/misc.o
                0x000000000000b01f                memcmp
                0x000000000000b095                strcmp
                0x000000000000b107                strcat
                0x000000000000b166                spin
                0x000000000000b181                assertion_failure
                0x000000000000b1c7                send_recv
 .text          0x000000000000b2a7       0x73 lib/open.o
                0x000000000000b2a7                open
 .text          0x000000000000b31a       0x3f lib/read.o
                0x000000000000b31a                read
 .text          0x000000000000b359       0x3f lib/write.o
                0x000000000000b359                write
 .text          0x000000000000b398       0x33 lib/close.o
                0x000000000000b398                close
 .text          0x000000000000b3cb       0x41 lib/unlink.o
                0x000000000000b3cb                unlink
 .text          0x000000000000b40c       0x59 lib/getpid.o
                0x000000000000b40c                getpid
 .text          0x000000000000b465       0xdb lib/syslog.o
                0x000000000000b465                syslog
 .text          0x000000000000b540       0x84 lib/fork.o
                0x000000000000b540                fork
 .text          0x000000000000b5c4        0x0 lib/exit.o
 .text          0x000000000000b5c4        0x0 lib/sleep.o
 .text          0x000000000000b5c4        0x0 lib/wait.o
 .text          0x000000000000b5c4      0x195 mm/main.o
                0x000000000000b602                task_mm
                0x000000000000b6f0                alloc_mem
                0x000000000000b74f                free_mem
 .text          0x000000000000b759      0x58c mm/func.o
                0x000000000000b759                mm_fork
                0x000000000000bcd6                mm_exit
                0x000000000000bce0                mm_wait
 .text          0x000000000000bce5     0x1030 fs/main.o
                0x000000000000bce5                task_fs
                0x000000000000c797                rw_sector
                0x000000000000c9d1                get_super_block
                0x000000000000ca17                get_inode
                0x000000000000cb91                put_inode
                0x000000000000cbd6                sync_inode
 .text          0x000000000000cd15      0xe4a fs/open.o
                0x000000000000cd15                do_open
                0x000000000000d1a2                do_close
                0x000000000000d1fa                do_lseek
                0x000000000000d863                do_ls
                0x000000000000da66                do_mkdir
 .text          0x000000000000db5f      0x394 fs/misc.o
                0x000000000000db5f                search_file
                0x000000000000dcd8                strip_path
 .text          0x000000000000def3      0x522 fs/read_write.o
                0x000000000000def3                do_rdwt
 .text          0x000000000000e415      0x8f6 fs/link.o
                0x000000000000e415                do_unlink
 .text          0x000000000000ed0b     0x1480 fs/disklog.o
                0x000000000000ed0b                do_disklog
                0x000000000000edb6                disklog
                0x000000000000f360                dump_fd_graph
 *(.gnu.warning)

.fini
 *(SORT(.fini))
                0x000000000001018b                PROVIDE (__etext, .)
                0x000000000001018b                PROVIDE (_etext, .)
                0x000000000001018b                PROVIDE (etext, .)

.rodata         0x00000000000101a0     0x5bd3
 *(.rodata .rodata.* .gnu.linkonce.r.*)
 .rodata        0x00000000000101a0       0x47 kernel/start.o
 *fill*         0x00000000000101e7        0x1 
 .rodata        0x00000000000101e8      0xb23 kernel/main.o
 *fill*         0x0000000000010d0b        0x1 
 .rodata        0x0000000000010d0c       0x64 kernel/keyboard.o
 .rodata        0x0000000000010d70      0x13c kernel/tty.o
 .rodata        0x0000000000010eac       0x5b kernel/console.o
 .rodata        0x0000000000010f07       0x11 kernel/i8259.o
 .rodata        0x0000000000010f18        0x4 kernel/global.o
                0x0000000000010f18                FSBUF_SIZE
 *fill*         0x0000000000010f1c        0x4 
 .rodata        0x0000000000010f20      0x580 kernel/protect.o
 .rodata        0x00000000000114a0      0x5da kernel/proc.o
 .rodata        0x0000000000011a7a       0x17 kernel/systask.o
 *fill*         0x0000000000011a91        0x3 
 .rodata        0x0000000000011a94      0x1ba kernel/hd.o
 *fill*         0x0000000000011c4e        0x2 
 .rodata        0x0000000000011c50      0x191 game/TTT.o
                0x0000000000011c50                NO_BLANK
                0x0000000000011c54                TREE_DEPTH
                0x0000000000011c58                NIL
 *fill*         0x0000000000011de1        0x3 
 .rodata        0x0000000000011de4       0x35 lib/printf.o
 *fill*         0x0000000000011e19        0x3 
 .rodata        0x0000000000011e1c     0x2e7b lib/sl.o
 .rodata        0x0000000000014c97       0x35 lib/klib.o
 .rodata        0x0000000000014ccc       0xae lib/misc.o
 .rodata        0x0000000000014d7a       0x23 lib/open.o
 .rodata        0x0000000000014d9d       0x25 lib/getpid.o
 .rodata        0x0000000000014dc2       0x32 lib/syslog.o
 .rodata        0x0000000000014df4       0x33 lib/fork.o
 *fill*         0x0000000000014e27        0x1 
 .rodata        0x0000000000014e28       0x8d mm/main.o
 *fill*         0x0000000000014eb5        0x3 
 .rodata        0x0000000000014eb8      0x179 mm/func.o
 *fill*         0x0000000000015031        0x3 
 .rodata        0x0000000000015034      0x22a fs/main.o
 *fill*         0x000000000001525e        0x2 
 .rodata        0x0000000000015260      0x1cb fs/open.o
 .rodata        0x000000000001542b       0x1c fs/misc.o
 *fill*         0x0000000000015447        0x1 
 .rodata        0x0000000000015448      0x164 fs/read_write.o
 .rodata        0x00000000000155ac      0x19d fs/link.o
 *fill*         0x0000000000015749        0x3 
 .rodata        0x000000000001574c      0x627 fs/disklog.o

.rodata1
 *(.rodata1)

.eh_frame_hdr
 *(.eh_frame_hdr)

.eh_frame       0x0000000000015d74     0x16bc
 *(.eh_frame)
 .eh_frame      0x0000000000015d74       0x38 kernel/start.o
 .eh_frame      0x0000000000015dac      0x3bc kernel/main.o
                                        0x3d4 (size before relaxing)
 .eh_frame      0x0000000000016168       0x60 kernel/clock.o
                                         0x78 (size before relaxing)
 .eh_frame      0x00000000000161c8       0xe0 kernel/keyboard.o
                                         0xf8 (size before relaxing)
 .eh_frame      0x00000000000162a8      0x13c kernel/tty.o
                                        0x154 (size before relaxing)
 .eh_frame      0x00000000000163e4      0x148 kernel/console.o
                                        0x160 (size before relaxing)
 .eh_frame      0x000000000001652c       0x60 kernel/i8259.o
                                         0x78 (size before relaxing)
 .eh_frame      0x000000000001658c       0xb0 kernel/protect.o
                                         0xc8 (size before relaxing)
 .eh_frame      0x000000000001663c      0x1e0 kernel/proc.o
                                        0x1f8 (size before relaxing)
 .eh_frame      0x000000000001681c       0x1c kernel/systask.o
                                         0x34 (size before relaxing)
 .eh_frame      0x0000000000016838      0x210 kernel/hd.o
                                        0x228 (size before relaxing)
 .eh_frame      0x0000000000016a48      0x128 game/TTT.o
                                        0x140 (size before relaxing)
 .eh_frame      0x0000000000016b70       0x60 lib/printf.o
                                         0x78 (size before relaxing)
 .eh_frame      0x0000000000016bd0       0x20 lib/sl.o
                                         0x38 (size before relaxing)
 .eh_frame      0x0000000000016bf0       0x68 lib/vsprintf.o
                                         0x80 (size before relaxing)
 .eh_frame      0x0000000000016c58       0xc0 lib/klib.o
                                         0xd8 (size before relaxing)
 .eh_frame      0x0000000000016d18       0x20 lib/ls.o
                                         0x38 (size before relaxing)
 .eh_frame      0x0000000000016d38       0x20 lib/mkdir.o
                                         0x38 (size before relaxing)
 .eh_frame      0x0000000000016d58       0xbc lib/misc.o
                                         0xd4 (size before relaxing)
 .eh_frame      0x0000000000016e14       0x20 lib/open.o
                                         0x38 (size before relaxing)
 .eh_frame      0x0000000000016e34       0x20 lib/read.o
                                         0x38 (size before relaxing)
 .eh_frame      0x0000000000016e54       0x20 lib/write.o
                                         0x38 (size before relaxing)
 .eh_frame      0x0000000000016e74       0x20 lib/close.o
                                         0x38 (size before relaxing)
 .eh_frame      0x0000000000016e94       0x20 lib/unlink.o
                                         0x38 (size before relaxing)
 .eh_frame      0x0000000000016eb4       0x20 lib/getpid.o
                                         0x38 (size before relaxing)
 .eh_frame      0x0000000000016ed4       0x20 lib/syslog.o
                                         0x38 (size before relaxing)
 .eh_frame      0x0000000000016ef4       0x20 lib/fork.o
                                         0x38 (size before relaxing)
 .eh_frame      0x0000000000016f14       0x7c mm/main.o
                                         0x94 (size before relaxing)
 .eh_frame      0x0000000000016f90       0x90 mm/func.o
                                         0xa8 (size before relaxing)
 .eh_frame      0x0000000000017020      0x174 fs/main.o
                                        0x18c (size before relaxing)
 .eh_frame      0x0000000000017194      0x174 fs/open.o
                                        0x18c (size before relaxing)
 .eh_frame      0x0000000000017308       0x50 fs/misc.o
                                         0x68 (size before relaxing)
 .eh_frame      0x0000000000017358       0x2c fs/read_write.o
                                         0x44 (size before relaxing)
 .eh_frame      0x0000000000017384       0x2c fs/link.o
                                         0x44 (size before relaxing)
 .eh_frame      0x00000000000173b0       0x80 fs/disklog.o
                                         0x98 (size before relaxing)

.gcc_except_table
 *(.gcc_except_table .gcc_except_table.*)

.exception_ranges
 *(.exception_ranges .exception_ranges*)
                0x0000000000017430                . = (ALIGN (0x1000) - ((0x1000 - .) & 0xfff))
                0x0000000000018430                . = DATA_SEGMENT_ALIGN (0x1000, 0x1000)

.eh_frame
 *(.eh_frame)

.gcc_except_table
 *(.gcc_except_table .gcc_except_table.*)

.exception_ranges
 *(.exception_ranges .exception_ranges*)

.tdata
 *(.tdata .tdata.* .gnu.linkonce.td.*)

.tbss
 *(.tbss .tbss.* .gnu.linkonce.tb.*)
 *(.tcommon)

.preinit_array  0x0000000000018430        0x0
                0x0000000000018430                PROVIDE (__preinit_array_start, .)
 *(.preinit_array)
                0x0000000000018430                PROVIDE (__preinit_array_end, .)

.init_array     0x0000000000018430        0x0
                0x0000000000018430                PROVIDE (__init_array_start, .)
 *(SORT(.init_array.*) SORT(.ctors.*))
 *(.init_array EXCLUDE_FILE(*crtend?.o *crtend.o *crtbegin?.o *crtbegin.o) .ctors)
                0x0000000000018430                PROVIDE (__init_array_end, .)

.fini_array     0x0000000000018430        0x0
                0x0000000000018430                PROVIDE (__fini_array_start, .)
 *(SORT(.fini_array.*) SORT(.dtors.*))
 *(.fini_array EXCLUDE_FILE(*crtend?.o *crtend.o *crtbegin?.o *crtbegin.o) .dtors)
                0x0000000000018430                PROVIDE (__fini_array_end, .)

.ctors
 *crtbegin.o(.ctors)
 *crtbegin?.o(.ctors)
 *(EXCLUDE_FILE(*crtend?.o *crtend.o) .ctors)
 *(SORT(.ctors.*))
 *(.ctors)

.dtors
 *crtbegin.o(.dtors)
 *crtbegin?.o(.dtors)
 *(EXCLUDE_FILE(*crtend?.o *crtend.o) .dtors)
 *(SORT(.dtors.*))
 *(.dtors)

.jcr
 *(.jcr)

.data.rel.ro
 *(.data.rel.ro.local* .gnu.linkonce.d.rel.ro.local.*)
 *(.data.rel.ro .data.rel.ro.* .gnu.linkonce.d.rel.ro.*)

.dynamic
 *(.dynamic)

.got
 *(.got)
 *(.igot)
                0x0000000000018430                . = DATA_SEGMENT_RELRO_END (., (SIZEOF (.got.plt) >= 0xc)?0xc:0x0)

.got.plt        0x0000000000018430        0x0
 *(.got.plt)
 *(.igot.plt)
 .igot.plt      0x0000000000000000        0x0 kernel/kernel.o

.data           0x0000000000018440      0x7e0
 *(.data .data.* .gnu.linkonce.d.*)
 .data          0x0000000000018440        0x2 kernel/kernel.o
 .data          0x0000000000018442        0x0 kernel/start.o
 *fill*         0x0000000000018442        0x2 
 .data          0x0000000000018444        0x4 kernel/main.o
 .data          0x0000000000018448        0x0 kernel/clock.o
 *fill*         0x0000000000018448       0x18 
 .data          0x0000000000018460      0x600 kernel/keyboard.o
                0x0000000000018460                keymap
 .data          0x0000000000018a60       0x22 kernel/tty.o
 .data          0x0000000000018a82        0x0 kernel/console.o
 .data          0x0000000000018a82        0x0 kernel/i8259.o
 *fill*         0x0000000000018a82       0x1e 
 .data          0x0000000000018aa0      0x180 kernel/global.o
                0x0000000000018aa0                task_table
                0x0000000000018b80                user_proc_table
                0x0000000000018bf8                sys_call_table
                0x0000000000018c04                dd_map
                0x0000000000018c1c                fsbuf
 .data          0x0000000000018c20        0x0 kernel/protect.o
 .data          0x0000000000018c20        0x0 kernel/proc.o
 .data          0x0000000000018c20        0x0 kernel/systask.o
 .data          0x0000000000018c20        0x0 kernel/hd.o
 .data          0x0000000000018c20        0x0 game/TTT.o
 .data          0x0000000000018c20        0x0 lib/printf.o
 .data          0x0000000000018c20        0x0 lib/sl.o
 .data          0x0000000000018c20        0x0 lib/vsprintf.o
 .data          0x0000000000018c20        0x0 lib/klib.o
 .data          0x0000000000018c20        0x0 lib/ls.o
 .data          0x0000000000018c20        0x0 lib/mkdir.o
 .data          0x0000000000018c20        0x0 lib/misc.o
 .data          0x0000000000018c20        0x0 lib/open.o
 .data          0x0000000000018c20        0x0 lib/read.o
 .data          0x0000000000018c20        0x0 lib/write.o
 .data          0x0000000000018c20        0x0 lib/close.o
 .data          0x0000000000018c20        0x0 lib/unlink.o
 .data          0x0000000000018c20        0x0 lib/getpid.o
 .data          0x0000000000018c20        0x0 lib/syslog.o
 .data          0x0000000000018c20        0x0 lib/fork.o
 .data          0x0000000000018c20        0x0 lib/exit.o
 .data          0x0000000000018c20        0x0 lib/sleep.o
 .data          0x0000000000018c20        0x0 lib/wait.o
 .data          0x0000000000018c20        0x0 mm/main.o
 .data          0x0000000000018c20        0x0 mm/func.o
 .data          0x0000000000018c20        0x0 fs/main.o
 .data          0x0000000000018c20        0x0 fs/open.o
 .data          0x0000000000018c20        0x0 fs/misc.o
 .data          0x0000000000018c20        0x0 fs/read_write.o
 .data          0x0000000000018c20        0x0 fs/link.o
 .data          0x0000000000018c20        0x0 fs/disklog.o

.data1
 *(.data1)
                0x0000000000018c20                _edata = .
                0x0000000000018c20                PROVIDE (edata, .)
                0x0000000000018c20                . = .
                0x0000000000018c20                __bss_start = .

.bss            0x0000000000018c20    0x5c2a0
 *(.dynbss)
 *(.bss .bss.* .gnu.linkonce.b.*)
 .bss           0x0000000000018c20      0x800 kernel/kernel.o
 .bss           0x0000000000019420        0x0 kernel/start.o
 .bss           0x0000000000019420       0x5a kernel/main.o
                0x0000000000019420                numbers2048
                0x0000000000019460                tempUnit2048
                0x0000000000019470                score2048
                0x0000000000019474                validity2048
                0x0000000000019478                option2048
 .bss           0x000000000001947a        0x0 kernel/clock.o
 *fill*         0x000000000001947a        0x6 
 .bss           0x0000000000019480       0x58 kernel/keyboard.o
 .bss           0x00000000000194d8        0x0 kernel/tty.o
 .bss           0x00000000000194d8        0x0 kernel/console.o
 .bss           0x00000000000194d8        0x0 kernel/i8259.o
 .bss           0x00000000000194d8        0x0 kernel/global.o
 .bss           0x00000000000194d8        0x0 kernel/protect.o
 .bss           0x00000000000194d8        0x0 kernel/proc.o
 .bss           0x00000000000194d8        0x0 kernel/systask.o
 *fill*         0x00000000000194d8        0x8 
 .bss           0x00000000000194e0      0x64c kernel/hd.o
 .bss           0x0000000000019b2c        0x4 game/TTT.o
 .bss           0x0000000000019b30        0x0 lib/printf.o
 .bss           0x0000000000019b30        0x0 lib/sl.o
 .bss           0x0000000000019b30        0x0 lib/vsprintf.o
 .bss           0x0000000000019b30        0x0 lib/klib.o
 .bss           0x0000000000019b30        0x0 lib/ls.o
 .bss           0x0000000000019b30        0x0 lib/mkdir.o
 .bss           0x0000000000019b30        0x0 lib/misc.o
 .bss           0x0000000000019b30        0x0 lib/open.o
 .bss           0x0000000000019b30        0x0 lib/read.o
 .bss           0x0000000000019b30        0x0 lib/write.o
 .bss           0x0000000000019b30        0x0 lib/close.o
 .bss           0x0000000000019b30        0x0 lib/unlink.o
 .bss           0x0000000000019b30        0x0 lib/getpid.o
 .bss           0x0000000000019b30        0x0 lib/syslog.o
 .bss           0x0000000000019b30        0x0 lib/fork.o
 .bss           0x0000000000019b30        0x0 lib/exit.o
 .bss           0x0000000000019b30        0x0 lib/sleep.o
 .bss           0x0000000000019b30        0x0 lib/wait.o
 .bss           0x0000000000019b30        0x0 mm/main.o
 .bss           0x0000000000019b30        0x0 mm/func.o
 .bss           0x0000000000019b30        0x0 fs/main.o
 .bss           0x0000000000019b30        0x0 fs/open.o
 .bss           0x0000000000019b30        0x0 fs/misc.o
 .bss           0x0000000000019b30        0x0 fs/read_write.o
 .bss           0x0000000000019b30        0x0 fs/link.o
 *fill*         0x0000000000019b30       0x10 
 .bss           0x0000000000019b40      0x208 fs/disklog.o
 *(COMMON)
 *fill*         0x0000000000019d48       0x18 
 COMMON         0x0000000000019d60    0x468dc kernel/global.o
                0x0000000000019d60                idt_ptr
                0x0000000000019d80                inode_table
                0x000000000001bd80                task_stack
                0x000000000005bd80                k_reenter
                0x000000000005bda0                gdt
                0x000000000005c1a0                current_console
                0x000000000005c1a4                pcaller
                0x000000000005c1c0                tty_table
                0x000000000005ce40                tss
                0x000000000005cec0                fs_msg
                0x000000000005cef0                memory_size
                0x000000000005cf00                f_desc_table
                0x000000000005d300                root_inode
                0x000000000005d304                disp_pos
                0x000000000005d320                mm_msg
                0x000000000005d350                key_pressed
                0x000000000005d354                gdt_ptr
                0x000000000005d360                idt
                0x000000000005db60                super_block
                0x000000000005dd40                ticks
                0x000000000005dd60                console_table
                0x000000000005dda0                irq_table
                0x000000000005dde0                p_proc_ready
                0x000000000005de00                proc_table
 COMMON         0x000000000006063c       0x10 kernel/hd.o
                0x000000000006063c                PARTITION_ENTRY
 *fill*         0x000000000006064c       0x14 
 COMMON         0x0000000000060660    0x14860 game/TTT.o
                0x0000000000060660                tmpQP
                0x00000000000606a0                States
                0x0000000000074ec0                . = ALIGN ((. != 0x0)?0x4:0x1)
                0x0000000000074ec0                . = ALIGN (0x4)
                0x0000000000074ec0                . = SEGMENT_START ("ldata-segment", .)
                0x0000000000074ec0                . = ALIGN (0x4)
                0x0000000000074ec0                _end = .
                0x0000000000074ec0                PROVIDE (end, .)
                0x0000000000074ec0                . = DATA_SEGMENT_END (.)

.stab
 *(.stab)

.stabstr
 *(.stabstr)

.stab.excl
 *(.stab.excl)

.stab.exclstr
 *(.stab.exclstr)

.stab.index
 *(.stab.index)

.stab.indexstr
 *(.stab.indexstr)

.comment        0x0000000000000000       0x2b
 *(.comment)
 .comment       0x0000000000000000       0x2b kernel/start.o
                                         0x2c (size before relaxing)
 .comment       0x0000000000000000       0x2c kernel/main.o
 .comment       0x0000000000000000       0x2c kernel/clock.o
 .comment       0x0000000000000000       0x2c kernel/keyboard.o
 .comment       0x0000000000000000       0x2c kernel/tty.o
 .comment       0x0000000000000000       0x2c kernel/console.o
 .comment       0x0000000000000000       0x2c kernel/i8259.o
 .comment       0x0000000000000000       0x2c kernel/global.o
 .comment       0x0000000000000000       0x2c kernel/protect.o
 .comment       0x0000000000000000       0x2c kernel/proc.o
 .comment       0x0000000000000000       0x2c kernel/systask.o
 .comment       0x0000000000000000       0x2c kernel/hd.o
 .comment       0x0000000000000000       0x2c game/TTT.o
 .comment       0x0000000000000000       0x2c lib/printf.o
 .comment       0x0000000000000000       0x2c lib/sl.o
 .comment       0x0000000000000000       0x2c lib/vsprintf.o
 .comment       0x0000000000000000       0x2c lib/klib.o
 .comment       0x0000000000000000       0x2c lib/ls.o
 .comment       0x0000000000000000       0x2c lib/mkdir.o
 .comment       0x0000000000000000       0x2c lib/misc.o
 .comment       0x0000000000000000       0x2c lib/open.o
 .comment       0x0000000000000000       0x2c lib/read.o
 .comment       0x0000000000000000       0x2c lib/write.o
 .comment       0x0000000000000000       0x2c lib/close.o
 .comment       0x0000000000000000       0x2c lib/unlink.o
 .comment       0x0000000000000000       0x2c lib/getpid.o
 .comment       0x0000000000000000       0x2c lib/syslog.o
 .comment       0x0000000000000000       0x2c lib/fork.o
 .comment       0x0000000000000000       0x2c lib/exit.o
 .comment       0x0000000000000000       0x2c lib/sleep.o
 .comment       0x0000000000000000       0x2c lib/wait.o
 .comment       0x0000000000000000       0x2c mm/main.o
 .comment       0x0000000000000000       0x2c mm/func.o
 .comment       0x0000000000000000       0x2c fs/main.o
 .comment       0x0000000000000000       0x2c fs/open.o
 .comment       0x0000000000000000       0x2c fs/misc.o
 .comment       0x0000000000000000       0x2c fs/read_write.o
 .comment       0x0000000000000000       0x2c fs/link.o
 .comment       0x0000000000000000       0x2c fs/disklog.o

.debug
 *(.debug)

.line
 *(.line)

.debug_srcinfo
 *(.debug_srcinfo)

.debug_sfnames
 *(.debug_sfnames)

.debug_aranges
 *(.debug_aranges)

.debug_pubnames
 *(.debug_pubnames)

.debug_info
 *(.debug_info .gnu.linkonce.wi.*)

.debug_abbrev
 *(.debug_abbrev)

.debug_line
 *(.debug_line .debug_line.* .debug_line_end)

.debug_frame
 *(.debug_frame)

.debug_str
 *(.debug_str)

.debug_loc
 *(.debug_loc)

.debug_macinfo
 *(.debug_macinfo)

.debug_weaknames
 *(.debug_weaknames)

.debug_funcnames
 *(.debug_funcnames)

.debug_typenames
 *(.debug_typenames)

.debug_varnames
 *(.debug_varnames)

.debug_pubtypes
 *(.debug_pubtypes)

.debug_ranges
 *(.debug_ranges)

.debug_macro
 *(.debug_macro)

.gnu.attributes
 *(.gnu.attributes)

/DISCARD/
 *(.note.GNU-stack)
 *(.gnu_debuglink)
 *(.gnu.lto_*)
OUTPUT(kernel.bin elf32-i386)
